#
# There is insufficient memory for the Java Runtime Environment to continue.
# Native memory allocation (malloc) failed to allocate 1048576 bytes. Error detail: AllocateHeap
# Possible reasons:
#   The system is out of physical RAM or swap space
#   This process is running with CompressedOops enabled, and the Java Heap may be blocking the growth of the native heap
# Possible solutions:
#   Reduce memory load on the system
#   Increase physical memory or swap space
#   Check if swap backing store is full
#   Decrease Java heap size (-Xmx/-Xms)
#   Decrease number of Java threads
#   Decrease Java thread stack sizes (-Xss)
#   Set larger code cache with -XX:ReservedCodeCacheSize=
#   JVM is running with Unscaled Compressed Oops mode in which the Java heap is
#     placed in the first 4GB address space. The Java Heap base address is the
#     maximum limit for the native heap growth. Please use -XX:HeapBaseMinAddress
#     to set the Java Heap base and to place the Java Heap above 4GB virtual address.
# This output file may be truncated or incomplete.
#
#  Out of Memory Error (allocation.cpp:44), pid=6416, tid=20276
#
# JRE version: OpenJDK Runtime Environment Temurin-21.0.8+9 (21.0.8+9) (build 21.0.8+9-LTS)
# Java VM: OpenJDK 64-Bit Server VM Temurin-21.0.8+9 (21.0.8+9-LTS, mixed mode, sharing, tiered, compressed oops, compressed class ptrs, parallel gc, windows-amd64)
# No core dump will be written. Minidumps are not enabled by default on client versions of Windows
#

---------------  S U M M A R Y ------------

Command Line: --add-modules=ALL-SYSTEM --add-opens=java.base/java.util=ALL-UNNAMED --add-opens=java.base/java.lang=ALL-UNNAMED --add-opens=java.base/sun.nio.fs=ALL-UNNAMED -Declipse.application=org.eclipse.jdt.ls.core.id1 -Dosgi.bundles.defaultStartLevel=4 -Declipse.product=org.eclipse.jdt.ls.core.product -Djava.import.generatesMetadataFilesAtProjectRoot=false -DDetectVMInstallationsJob.disabled=true -Dfile.encoding=utf8 -XX:+UseParallelGC -XX:GCTimeRatio=4 -XX:AdaptiveSizePolicyWeight=90 -Dsun.zip.disableMemoryMapping=true -Xmx2G -Xms100m -Xlog:disable -javaagent:c:\Users\SSI\.vscode\extensions\redhat.java-1.46.0-win32-x64\lombok\lombok-1.18.39-4050.jar -XX:+HeapDumpOnOutOfMemoryError -XX:HeapDumpPath=c:\Users\SSI\AppData\Roaming\Code\User\workspaceStorage\db8d0291d32c9f2d655134ebf4b7feec\redhat.java -Daether.dependencyCollector.impl=bf c:\Users\SSI\.vscode\extensions\redhat.java-1.46.0-win32-x64\server\plugins\org.eclipse.equinox.launcher_1.7.0.v20250519-0528.jar -configuration c:\Users\SSI\AppData\Roaming\Code\User\globalStorage\redhat.java\1.46.0\config_win -data c:\Users\SSI\AppData\Roaming\Code\User\workspaceStorage\db8d0291d32c9f2d655134ebf4b7feec\redhat.java\jdt_ws --pipe=\\.\pipe\lsp-e750dc99f3ee645d594933525f450fa8-sock

Host: Intel(R) Core(TM) i5-6300U CPU @ 2.40GHz, 4 cores, 15G,  Windows 10 , 64 bit Build 19041 (10.0.19041.5915)
Time: Thu Oct  9 12:56:23 2025 elapsed time: 163635.919080 seconds (1d 21h 27m 15s)

---------------  T H R E A D  ---------------

Current thread (0x000001b0f2524380):  JavaThread "Attach Listener" daemon [_thread_in_vm, id=20276, stack(0x0000003fe8600000,0x0000003fe8700000) (1024K)]

Stack: [0x0000003fe8600000,0x0000003fe8700000]
Native frames: (J=compiled Java code, j=interpreted, Vv=VM code, C=native code)
V  [jvm.dll+0x6d2449]
V  [jvm.dll+0x8ae341]
V  [jvm.dll+0x8b08be]
V  [jvm.dll+0x8b0fa3]
V  [jvm.dll+0x280c96]
V  [jvm.dll+0xc0347]
V  [jvm.dll+0x6d2cf9]
V  [jvm.dll+0x131116]
V  [jvm.dll+0x3f2d16]
V  [jvm.dll+0x857e6b]
V  [jvm.dll+0x6d0b0d]
C  [ucrtbase.dll+0x21bb2]
C  [KERNEL32.DLL+0x17374]
C  [ntdll.dll+0x4cc91]


---------------  P R O C E S S  ---------------

Threads class SMR info:
_java_thread_list=0x000001b0fb6ec9e0, length=31, elements={
0x000001b0dbb48860, 0x000001b0dbbf9400, 0x000001b0dbbfcd10, 0x000001b0dbbfe610,
0x000001b0f2524380, 0x000001b0f25261c0, 0x000001b0f2526c10, 0x000001b0f2527a40,
0x000001b0f2598cc0, 0x000001b0f31981c0, 0x000001b0f333c2d0, 0x000001b0f810a0d0,
0x000001b0f38fdcc0, 0x000001b0f3aaa290, 0x000001b0f81cbc10, 0x000001b0f32f7390,
0x000001b0f32f3f10, 0x000001b0f32f45a0, 0x000001b0f32f4c30, 0x000001b0f32f6d00,
0x000001b0f32f6670, 0x000001b0f9c0b840, 0x000001b0f9c083c0, 0x000001b0f9c0e630,
0x000001b0f9c08a50, 0x000001b0f9c0bed0, 0x000001b0f9c0ecc0, 0x000001b0f9c0c560,
0x000001b0f9c09e00, 0x000001b0f9c07d30, 0x000001b0f9c090e0
}

Java Threads: ( => current thread )
  0x000001b0dbb48860 JavaThread "main"                              [_thread_blocked, id=22132, stack(0x0000003fe7f00000,0x0000003fe8000000) (1024K)]
  0x000001b0dbbf9400 JavaThread "Reference Handler"          daemon [_thread_blocked, id=2120, stack(0x0000003fe8300000,0x0000003fe8400000) (1024K)]
  0x000001b0dbbfcd10 JavaThread "Finalizer"                  daemon [_thread_blocked, id=24684, stack(0x0000003fe8400000,0x0000003fe8500000) (1024K)]
  0x000001b0dbbfe610 JavaThread "Signal Dispatcher"          daemon [_thread_blocked, id=21824, stack(0x0000003fe8500000,0x0000003fe8600000) (1024K)]
=>0x000001b0f2524380 JavaThread "Attach Listener"            daemon [_thread_in_vm, id=20276, stack(0x0000003fe8600000,0x0000003fe8700000) (1024K)]
  0x000001b0f25261c0 JavaThread "Service Thread"             daemon [_thread_blocked, id=17712, stack(0x0000003fe8700000,0x0000003fe8800000) (1024K)]
  0x000001b0f2526c10 JavaThread "Monitor Deflation Thread"   daemon [_thread_blocked, id=26576, stack(0x0000003fe8800000,0x0000003fe8900000) (1024K)]
  0x000001b0f2527a40 JavaThread "C2 CompilerThread0"         daemon [_thread_blocked, id=26388, stack(0x0000003fe8900000,0x0000003fe8a00000) (1024K)]
  0x000001b0f2598cc0 JavaThread "C1 CompilerThread0"         daemon [_thread_blocked, id=22156, stack(0x0000003fe8a00000,0x0000003fe8b00000) (1024K)]
  0x000001b0f31981c0 JavaThread "Common-Cleaner"             daemon [_thread_blocked, id=26928, stack(0x0000003fe8b00000,0x0000003fe8c00000) (1024K)]
  0x000001b0f333c2d0 JavaThread "Notification Thread"        daemon [_thread_blocked, id=18576, stack(0x0000003fe8c00000,0x0000003fe8d00000) (1024K)]
  0x000001b0f810a0d0 JavaThread "Active Thread: Equinox Container: 8a2621d0-fb9b-4b80-b276-f367821bd952"        [_thread_blocked, id=13368, stack(0x0000003fe9400000,0x0000003fe9500000) (1024K)]
  0x000001b0f38fdcc0 JavaThread "Framework Event Dispatcher: Equinox Container: 8a2621d0-fb9b-4b80-b276-f367821bd952" daemon [_thread_blocked, id=26340, stack(0x0000003fe9000000,0x0000003fe9100000) (1024K)]
  0x000001b0f3aaa290 JavaThread "Start Level: Equinox Container: 8a2621d0-fb9b-4b80-b276-f367821bd952" daemon [_thread_blocked, id=7260, stack(0x0000003fe9100000,0x0000003fe9200000) (1024K)]
  0x000001b0f81cbc10 JavaThread "Refresh Thread: Equinox Container: 8a2621d0-fb9b-4b80-b276-f367821bd952" daemon [_thread_blocked, id=25896, stack(0x0000003fe9300000,0x0000003fe9400000) (1024K)]
  0x000001b0f32f7390 JavaThread "Bundle File Closer"         daemon [_thread_blocked, id=5100, stack(0x0000003fe9200000,0x0000003fe9300000) (1024K)]
  0x000001b0f32f3f10 JavaThread "SCR Component Actor"        daemon [_thread_blocked, id=25344, stack(0x0000003fe9500000,0x0000003fe9600000) (1024K)]
  0x000001b0f32f45a0 JavaThread "Worker-JM"                         [_thread_blocked, id=19448, stack(0x0000003fe9700000,0x0000003fe9800000) (1024K)]
  0x000001b0f32f4c30 JavaThread "JNA Cleaner"                daemon [_thread_blocked, id=24052, stack(0x0000003fe9800000,0x0000003fe9900000) (1024K)]
  0x000001b0f32f6d00 JavaThread "Worker-0"                          [_thread_blocked, id=19168, stack(0x0000003fe9900000,0x0000003fe9a00000) (1024K)]
  0x000001b0f32f6670 JavaThread "Java indexing"              daemon [_thread_blocked, id=18948, stack(0x0000003fe9c00000,0x0000003fe9d00000) (1024K)]
  0x000001b0f9c0b840 JavaThread "Thread-1"                   daemon [_thread_in_native, id=27936, stack(0x0000003fe9f00000,0x0000003fea000000) (1024K)]
  0x000001b0f9c083c0 JavaThread "Thread-2"                   daemon [_thread_in_native, id=1292, stack(0x0000003fea000000,0x0000003fea100000) (1024K)]
  0x000001b0f9c0e630 JavaThread "Thread-3"                   daemon [_thread_in_native, id=16404, stack(0x0000003fea100000,0x0000003fea200000) (1024K)]
  0x000001b0f9c08a50 JavaThread "Thread-4"                   daemon [_thread_in_native, id=22936, stack(0x0000003fea200000,0x0000003fea300000) (1024K)]
  0x000001b0f9c0bed0 JavaThread "Thread-5"                   daemon [_thread_in_native, id=23448, stack(0x0000003fea300000,0x0000003fea400000) (1024K)]
  0x000001b0f9c0ecc0 JavaThread "pool-2-thread-1"                   [_thread_blocked, id=26720, stack(0x0000003fea400000,0x0000003fea500000) (1024K)]
  0x000001b0f9c0c560 JavaThread "WorkspaceEventsHandler"            [_thread_blocked, id=22968, stack(0x0000003fea600000,0x0000003fea700000) (1024K)]
  0x000001b0f9c09e00 JavaThread "pool-1-thread-1"                   [_thread_blocked, id=14064, stack(0x0000003fea700000,0x0000003fea800000) (1024K)]
  0x000001b0f9c07d30 JavaThread "Worker-5"                          [_thread_blocked, id=28492, stack(0x0000003fe7e00000,0x0000003fe7f00000) (1024K)]
  0x000001b0f9c090e0 JavaThread "Cleaner-0"                  daemon [_thread_blocked, id=28288, stack(0x0000003feac00000,0x0000003fead00000) (1024K)]
Total: 31

Other Threads:
  0x000001b0f251f900 VMThread "VM Thread"                           [id=1112, stack(0x0000003fe8200000,0x0000003fe8300000) (1024K)]
  0x000001b0dbbb0ba0 WatcherThread "VM Periodic Task Thread"        [id=26540, stack(0x0000003fe8100000,0x0000003fe8200000) (1024K)]
  0x000001b0dbb65730 WorkerThread "GC Thread#0"                     [id=21152, stack(0x0000003fe8000000,0x0000003fe8100000) (1024K)]
  0x000001b0f36feaf0 WorkerThread "GC Thread#1"                     [id=20892, stack(0x0000003fe8d00000,0x0000003fe8e00000) (1024K)]
  0x000001b0f36fee90 WorkerThread "GC Thread#2"                     [id=13408, stack(0x0000003fe8e00000,0x0000003fe8f00000) (1024K)]
  0x000001b0f3c78da0 WorkerThread "GC Thread#3"                     [id=24368, stack(0x0000003fe8f00000,0x0000003fe9000000) (1024K)]
Total: 6

Threads with active compile tasks:
Total: 0

VM state: not at safepoint (normal execution)

VM Mutex/Monitor currently owned by a thread: None

Heap address: 0x0000000080000000, size: 2048 MB, Compressed Oops mode: 32-bit

CDS archive(s) mapped at: [0x000001b080000000-0x000001b080ba0000-0x000001b080ba0000), size 12189696, SharedBaseAddress: 0x000001b080000000, ArchiveRelocationMode: 1.
Compressed class space mapped at: 0x000001b081000000-0x000001b0c1000000, reserved size: 1073741824
Narrow klass base: 0x000001b080000000, Narrow klass shift: 0, Narrow klass range: 0x100000000

GC Precious Log:
 CardTable entry size: 512
 CPUs: 4 total, 4 available
 Memory: 16263M
 Large Page Support: Disabled
 NUMA Support: Disabled
 Compressed Oops: Enabled (32-bit)
 Alignments: Space 512K, Generation 512K, Heap 2M
 Heap Min Capacity: 100M
 Heap Initial Capacity: 100M
 Heap Max Capacity: 2G
 Pre-touch: Disabled
 Parallel Workers: 4

Heap:
 PSYoungGen      total 2560K, used 2023K [0x00000000d5580000, 0x00000000d5980000, 0x0000000100000000)
  eden space 2048K, 92% used [0x00000000d5580000,0x00000000d5759f28,0x00000000d5780000)
  from space 512K, 25% used [0x00000000d5880000,0x00000000d58a0000,0x00000000d5900000)
  to   space 512K, 0% used [0x00000000d5900000,0x00000000d5900000,0x00000000d5980000)
 ParOldGen       total 246784K, used 149876K [0x0000000080000000, 0x000000008f100000, 0x00000000d5580000)
  object space 246784K, 60% used [0x0000000080000000,0x000000008925d380,0x000000008f100000)
 Metaspace       used 78339K, committed 80064K, reserved 1179648K
  class space    used 8034K, committed 8768K, reserved 1048576K

Card table byte_map: [0x000001b0db4e0000,0x000001b0db8f0000] _byte_map_base: 0x000001b0db0e0000

Marking Bits: (ParMarkBitMap*) 0x00007ff9c059a340
 Begin Bits: [0x000001b0edfe0000, 0x000001b0effe0000)
 End Bits:   [0x000001b0effe0000, 0x000001b0f1fe0000)

Polling page: 0x000001b0d9b20000

Metaspace:

Usage:
  Non-class:     68.66 MB used.
      Class:      7.85 MB used.
       Both:     76.50 MB used.

Virtual space:
  Non-class space:      128.00 MB reserved,      69.62 MB ( 54%) committed,  2 nodes.
      Class space:        1.00 GB reserved,       8.56 MB ( <1%) committed,  1 nodes.
             Both:        1.12 GB reserved,      78.19 MB (  7%) committed. 

Chunk freelists:
   Non-Class:  9.79 MB
       Class:  7.33 MB
        Both:  17.12 MB

MaxMetaspaceSize: unlimited
CompressedClassSpaceSize: 1.00 GB
Initial GC threshold: 21.00 MB
Current GC threshold: 127.75 MB
CDS: on
 - commit_granule_bytes: 65536.
 - commit_granule_words: 8192.
 - virtual_space_node_default_size: 8388608.
 - enlarge_chunks_in_place: 1.
 - use_allocation_guard: 0.


Internal statistics:

num_allocs_failed_limit: 9.
num_arena_births: 1562.
num_arena_deaths: 16.
num_vsnodes_births: 3.
num_vsnodes_deaths: 0.
num_space_committed: 1251.
num_space_uncommitted: 0.
num_chunks_returned_to_freelist: 26.
num_chunks_taken_from_freelist: 5211.
num_chunk_merges: 13.
num_chunk_splits: 3184.
num_chunks_enlarged: 1773.
num_inconsistent_stats: 0.

CodeHeap 'non-profiled nmethods': size=120000Kb used=14815Kb max_used=14815Kb free=105184Kb
 bounds [0x000001b0e6800000, 0x000001b0e7680000, 0x000001b0edd30000]
CodeHeap 'profiled nmethods': size=120000Kb used=38014Kb max_used=38014Kb free=81985Kb
 bounds [0x000001b0ded30000, 0x000001b0e1260000, 0x000001b0e6260000]
CodeHeap 'non-nmethods': size=5760Kb used=1493Kb max_used=1604Kb free=4266Kb
 bounds [0x000001b0e6260000, 0x000001b0e64d0000, 0x000001b0e6800000]
CodeCache: size=245760Kb, used=54322Kb, max_used=54433Kb, free=191435Kb
 total_blobs=16072, nmethods=15256, adapters=721, full_count=0
Compilation: enabled, stopped_count=0, restarted_count=0

Compilation events (20 events):
Event: 158509.665 Thread 0x000001b0f2598cc0 nmethod 16990 0x000001b0dfcf1290 code [0x000001b0dfcf1420, 0x000001b0dfcf1528]
Event: 158509.723 Thread 0x000001b0f2598cc0 16991       3       org.eclipse.jdt.ls.core.internal.semantictokens.SemanticTokensVisitor::nonPackageNameOfImportDeclarationVisitor (58 bytes)
Event: 158509.737 Thread 0x000001b0f2598cc0 nmethod 16991 0x000001b0e124e190 code [0x000001b0e124e420, 0x000001b0e124ee50]
Event: 158509.846 Thread 0x000001b0f2527a40 nmethod 16983 0x000001b0e766ff90 code [0x000001b0e7670360, 0x000001b0e7672530]
Event: 158509.846 Thread 0x000001b0f2527a40 16992       4       org.eclipse.jdt.core.dom.VariableBinding::isDeprecated (17 bytes)
Event: 158509.868 Thread 0x000001b0f2527a40 nmethod 16992 0x000001b0e7673b90 code [0x000001b0e7673d20, 0x000001b0e7673df8]
Event: 158509.868 Thread 0x000001b0f2527a40 16984       4       java.util.LinkedList$ListItr::next (56 bytes)
Event: 158509.891 Thread 0x000001b0f2527a40 nmethod 16984 0x000001b0e7673f10 code [0x000001b0e76740a0, 0x000001b0e76741e8]
Event: 158509.891 Thread 0x000001b0f2527a40 16993       4       org.eclipse.core.filesystem.URIUtil::toURI (61 bytes)
Event: 158510.003 Thread 0x000001b0f2527a40 nmethod 16993 0x000001b0e7674310 code [0x000001b0e76746e0, 0x000001b0e76768d0]
Event: 159392.642 Thread 0x000001b0f2598cc0 16994       3       java.util.UUID::toString (17 bytes)
Event: 159392.674 Thread 0x000001b0f2598cc0 nmethod 16994 0x000001b0e124f290 code [0x000001b0e124f440, 0x000001b0e124f600]
Event: 159392.674 Thread 0x000001b0f2598cc0 16995       3       java.lang.System$2::fastUUID (6 bytes)
Event: 159392.675 Thread 0x000001b0f2598cc0 nmethod 16995 0x000001b0dfd02b10 code [0x000001b0dfd02cc0, 0x000001b0dfd02e00]
Event: 159392.675 Thread 0x000001b0f2598cc0 16996       3       java.lang.Long::fastUUID (224 bytes)
Event: 159392.676 Thread 0x000001b0f2598cc0 nmethod 16996 0x000001b0e124f710 code [0x000001b0e124f900, 0x000001b0e124fd50]
Event: 161192.775 Thread 0x000001b0f2598cc0 16997       3       org.eclipse.core.internal.jobs.InternalJob::remove (48 bytes)
Event: 161192.792 Thread 0x000001b0f2598cc0 nmethod 16997 0x000001b0e124ff10 code [0x000001b0e12500c0, 0x000001b0e12502d8]
Event: 162992.862 Thread 0x000001b0f2598cc0 16998       3       org.eclipse.core.internal.jobs.DeadlockDetector::indexOf (43 bytes)
Event: 162992.949 Thread 0x000001b0f2598cc0 nmethod 16998 0x000001b0e1250410 code [0x000001b0e1250600, 0x000001b0e1250db8]

GC Heap History (20 events):
Event: 150112.213 GC heap before
{Heap before GC invocations=660 (full 4):
 PSYoungGen      total 2560K, used 2176K [0x00000000d5580000, 0x00000000d5980000, 0x0000000100000000)
  eden space 2048K, 100% used [0x00000000d5580000,0x00000000d5780000,0x00000000d5780000)
  from space 512K, 25% used [0x00000000d5880000,0x00000000d58a0000,0x00000000d5900000)
  to   space 512K, 0% used [0x00000000d5900000,0x00000000d5900000,0x00000000d5980000)
 ParOldGen       total 246784K, used 149540K [0x0000000080000000, 0x000000008f100000, 0x00000000d5580000)
  object space 246784K, 60% used [0x0000000080000000,0x0000000089209340,0x000000008f100000)
 Metaspace       used 78293K, committed 80000K, reserved 1179648K
  class space    used 8034K, committed 8768K, reserved 1048576K
}
Event: 150112.404 GC heap after
{Heap after GC invocations=660 (full 4):
 PSYoungGen      total 2560K, used 128K [0x00000000d5580000, 0x00000000d5980000, 0x0000000100000000)
  eden space 2048K, 0% used [0x00000000d5580000,0x00000000d5580000,0x00000000d5780000)
  from space 512K, 25% used [0x00000000d5900000,0x00000000d5920000,0x00000000d5980000)
  to   space 512K, 0% used [0x00000000d5880000,0x00000000d5880000,0x00000000d5900000)
 ParOldGen       total 246784K, used 149540K [0x0000000080000000, 0x000000008f100000, 0x00000000d5580000)
  object space 246784K, 60% used [0x0000000080000000,0x0000000089209340,0x000000008f100000)
 Metaspace       used 78293K, committed 80000K, reserved 1179648K
  class space    used 8034K, committed 8768K, reserved 1048576K
}
Event: 150113.504 GC heap before
{Heap before GC invocations=661 (full 4):
 PSYoungGen      total 2560K, used 2176K [0x00000000d5580000, 0x00000000d5980000, 0x0000000100000000)
  eden space 2048K, 100% used [0x00000000d5580000,0x00000000d5780000,0x00000000d5780000)
  from space 512K, 25% used [0x00000000d5900000,0x00000000d5920000,0x00000000d5980000)
  to   space 512K, 0% used [0x00000000d5880000,0x00000000d5880000,0x00000000d5900000)
 ParOldGen       total 246784K, used 149540K [0x0000000080000000, 0x000000008f100000, 0x00000000d5580000)
  object space 246784K, 60% used [0x0000000080000000,0x0000000089209340,0x000000008f100000)
 Metaspace       used 78296K, committed 80000K, reserved 1179648K
  class space    used 8034K, committed 8768K, reserved 1048576K
}
Event: 150113.510 GC heap after
{Heap after GC invocations=661 (full 4):
 PSYoungGen      total 2560K, used 96K [0x00000000d5580000, 0x00000000d5980000, 0x0000000100000000)
  eden space 2048K, 0% used [0x00000000d5580000,0x00000000d5580000,0x00000000d5780000)
  from space 512K, 18% used [0x00000000d5880000,0x00000000d5898000,0x00000000d5900000)
  to   space 512K, 0% used [0x00000000d5900000,0x00000000d5900000,0x00000000d5980000)
 ParOldGen       total 246784K, used 149556K [0x0000000080000000, 0x000000008f100000, 0x00000000d5580000)
  object space 246784K, 60% used [0x0000000080000000,0x000000008920d340,0x000000008f100000)
 Metaspace       used 78296K, committed 80000K, reserved 1179648K
  class space    used 8034K, committed 8768K, reserved 1048576K
}
Event: 150114.060 GC heap before
{Heap before GC invocations=662 (full 4):
 PSYoungGen      total 2560K, used 2143K [0x00000000d5580000, 0x00000000d5980000, 0x0000000100000000)
  eden space 2048K, 99% used [0x00000000d5580000,0x00000000d577fff8,0x00000000d5780000)
  from space 512K, 18% used [0x00000000d5880000,0x00000000d5898000,0x00000000d5900000)
  to   space 512K, 0% used [0x00000000d5900000,0x00000000d5900000,0x00000000d5980000)
 ParOldGen       total 246784K, used 149556K [0x0000000080000000, 0x000000008f100000, 0x00000000d5580000)
  object space 246784K, 60% used [0x0000000080000000,0x000000008920d340,0x000000008f100000)
 Metaspace       used 78309K, committed 80064K, reserved 1179648K
  class space    used 8034K, committed 8768K, reserved 1048576K
}
Event: 150114.062 GC heap after
{Heap after GC invocations=662 (full 4):
 PSYoungGen      total 2560K, used 192K [0x00000000d5580000, 0x00000000d5980000, 0x0000000100000000)
  eden space 2048K, 0% used [0x00000000d5580000,0x00000000d5580000,0x00000000d5780000)
  from space 512K, 37% used [0x00000000d5900000,0x00000000d5930020,0x00000000d5980000)
  to   space 512K, 0% used [0x00000000d5880000,0x00000000d5880000,0x00000000d5900000)
 ParOldGen       total 246784K, used 149572K [0x0000000080000000, 0x000000008f100000, 0x00000000d5580000)
  object space 246784K, 60% used [0x0000000080000000,0x0000000089211340,0x000000008f100000)
 Metaspace       used 78309K, committed 80064K, reserved 1179648K
  class space    used 8034K, committed 8768K, reserved 1048576K
}
Event: 150127.150 GC heap before
{Heap before GC invocations=663 (full 4):
 PSYoungGen      total 2560K, used 2240K [0x00000000d5580000, 0x00000000d5980000, 0x0000000100000000)
  eden space 2048K, 100% used [0x00000000d5580000,0x00000000d5780000,0x00000000d5780000)
  from space 512K, 37% used [0x00000000d5900000,0x00000000d5930020,0x00000000d5980000)
  to   space 512K, 0% used [0x00000000d5880000,0x00000000d5880000,0x00000000d5900000)
 ParOldGen       total 246784K, used 149572K [0x0000000080000000, 0x000000008f100000, 0x00000000d5580000)
  object space 246784K, 60% used [0x0000000080000000,0x0000000089211340,0x000000008f100000)
 Metaspace       used 78313K, committed 80064K, reserved 1179648K
  class space    used 8034K, committed 8768K, reserved 1048576K
}
Event: 150127.154 GC heap after
{Heap after GC invocations=663 (full 4):
 PSYoungGen      total 2560K, used 128K [0x00000000d5580000, 0x00000000d5980000, 0x0000000100000000)
  eden space 2048K, 0% used [0x00000000d5580000,0x00000000d5580000,0x00000000d5780000)
  from space 512K, 25% used [0x00000000d5880000,0x00000000d58a0000,0x00000000d5900000)
  to   space 512K, 0% used [0x00000000d5900000,0x00000000d5900000,0x00000000d5980000)
 ParOldGen       total 246784K, used 149660K [0x0000000080000000, 0x000000008f100000, 0x00000000d5580000)
  object space 246784K, 60% used [0x0000000080000000,0x0000000089227360,0x000000008f100000)
 Metaspace       used 78313K, committed 80064K, reserved 1179648K
  class space    used 8034K, committed 8768K, reserved 1048576K
}
Event: 150127.374 GC heap before
{Heap before GC invocations=664 (full 4):
 PSYoungGen      total 2560K, used 2176K [0x00000000d5580000, 0x00000000d5980000, 0x0000000100000000)
  eden space 2048K, 100% used [0x00000000d5580000,0x00000000d5780000,0x00000000d5780000)
  from space 512K, 25% used [0x00000000d5880000,0x00000000d58a0000,0x00000000d5900000)
  to   space 512K, 0% used [0x00000000d5900000,0x00000000d5900000,0x00000000d5980000)
 ParOldGen       total 246784K, used 149660K [0x0000000080000000, 0x000000008f100000, 0x00000000d5580000)
  object space 246784K, 60% used [0x0000000080000000,0x0000000089227360,0x000000008f100000)
 Metaspace       used 78314K, committed 80064K, reserved 1179648K
  class space    used 8034K, committed 8768K, reserved 1048576K
}
Event: 150127.378 GC heap after
{Heap after GC invocations=664 (full 4):
 PSYoungGen      total 2560K, used 128K [0x00000000d5580000, 0x00000000d5980000, 0x0000000100000000)
  eden space 2048K, 0% used [0x00000000d5580000,0x00000000d5580000,0x00000000d5780000)
  from space 512K, 25% used [0x00000000d5900000,0x00000000d5920000,0x00000000d5980000)
  to   space 512K, 0% used [0x00000000d5880000,0x00000000d5880000,0x00000000d5900000)
 ParOldGen       total 246784K, used 149684K [0x0000000080000000, 0x000000008f100000, 0x00000000d5580000)
  object space 246784K, 60% used [0x0000000080000000,0x000000008922d360,0x000000008f100000)
 Metaspace       used 78314K, committed 80064K, reserved 1179648K
  class space    used 8034K, committed 8768K, reserved 1048576K
}
Event: 158498.532 GC heap before
{Heap before GC invocations=665 (full 4):
 PSYoungGen      total 2560K, used 2176K [0x00000000d5580000, 0x00000000d5980000, 0x0000000100000000)
  eden space 2048K, 100% used [0x00000000d5580000,0x00000000d5780000,0x00000000d5780000)
  from space 512K, 25% used [0x00000000d5900000,0x00000000d5920000,0x00000000d5980000)
  to   space 512K, 0% used [0x00000000d5880000,0x00000000d5880000,0x00000000d5900000)
 ParOldGen       total 246784K, used 149684K [0x0000000080000000, 0x000000008f100000, 0x00000000d5580000)
  object space 246784K, 60% used [0x0000000080000000,0x000000008922d360,0x000000008f100000)
 Metaspace       used 78327K, committed 80064K, reserved 1179648K
  class space    used 8034K, committed 8768K, reserved 1048576K
}
Event: 158498.766 GC heap after
{Heap after GC invocations=665 (full 4):
 PSYoungGen      total 2560K, used 128K [0x00000000d5580000, 0x00000000d5980000, 0x0000000100000000)
  eden space 2048K, 0% used [0x00000000d5580000,0x00000000d5580000,0x00000000d5780000)
  from space 512K, 25% used [0x00000000d5880000,0x00000000d58a0000,0x00000000d5900000)
  to   space 512K, 0% used [0x00000000d5900000,0x00000000d5900000,0x00000000d5980000)
 ParOldGen       total 246784K, used 149716K [0x0000000080000000, 0x000000008f100000, 0x00000000d5580000)
  object space 246784K, 60% used [0x0000000080000000,0x0000000089235360,0x000000008f100000)
 Metaspace       used 78327K, committed 80064K, reserved 1179648K
  class space    used 8034K, committed 8768K, reserved 1048576K
}
Event: 158499.033 GC heap before
{Heap before GC invocations=666 (full 4):
 PSYoungGen      total 2560K, used 2176K [0x00000000d5580000, 0x00000000d5980000, 0x0000000100000000)
  eden space 2048K, 100% used [0x00000000d5580000,0x00000000d5780000,0x00000000d5780000)
  from space 512K, 25% used [0x00000000d5880000,0x00000000d58a0000,0x00000000d5900000)
  to   space 512K, 0% used [0x00000000d5900000,0x00000000d5900000,0x00000000d5980000)
 ParOldGen       total 246784K, used 149716K [0x0000000080000000, 0x000000008f100000, 0x00000000d5580000)
  object space 246784K, 60% used [0x0000000080000000,0x0000000089235360,0x000000008f100000)
 Metaspace       used 78335K, committed 80064K, reserved 1179648K
  class space    used 8034K, committed 8768K, reserved 1048576K
}
Event: 158499.039 GC heap after
{Heap after GC invocations=666 (full 4):
 PSYoungGen      total 2560K, used 128K [0x00000000d5580000, 0x00000000d5980000, 0x0000000100000000)
  eden space 2048K, 0% used [0x00000000d5580000,0x00000000d5580000,0x00000000d5780000)
  from space 512K, 25% used [0x00000000d5900000,0x00000000d5920000,0x00000000d5980000)
  to   space 512K, 0% used [0x00000000d5880000,0x00000000d5880000,0x00000000d5900000)
 ParOldGen       total 246784K, used 149748K [0x0000000080000000, 0x000000008f100000, 0x00000000d5580000)
  object space 246784K, 60% used [0x0000000080000000,0x000000008923d360,0x000000008f100000)
 Metaspace       used 78335K, committed 80064K, reserved 1179648K
  class space    used 8034K, committed 8768K, reserved 1048576K
}
Event: 158500.129 GC heap before
{Heap before GC invocations=667 (full 4):
 PSYoungGen      total 2560K, used 2176K [0x00000000d5580000, 0x00000000d5980000, 0x0000000100000000)
  eden space 2048K, 100% used [0x00000000d5580000,0x00000000d5780000,0x00000000d5780000)
  from space 512K, 25% used [0x00000000d5900000,0x00000000d5920000,0x00000000d5980000)
  to   space 512K, 0% used [0x00000000d5880000,0x00000000d5880000,0x00000000d5900000)
 ParOldGen       total 246784K, used 149748K [0x0000000080000000, 0x000000008f100000, 0x00000000d5580000)
  object space 246784K, 60% used [0x0000000080000000,0x000000008923d360,0x000000008f100000)
 Metaspace       used 78336K, committed 80064K, reserved 1179648K
  class space    used 8034K, committed 8768K, reserved 1048576K
}
Event: 158500.139 GC heap after
{Heap after GC invocations=667 (full 4):
 PSYoungGen      total 2560K, used 259K [0x00000000d5580000, 0x00000000d5980000, 0x0000000100000000)
  eden space 2048K, 0% used [0x00000000d5580000,0x00000000d5580000,0x00000000d5780000)
  from space 512K, 50% used [0x00000000d5880000,0x00000000d58c0ce0,0x00000000d5900000)
  to   space 512K, 0% used [0x00000000d5900000,0x00000000d5900000,0x00000000d5980000)
 ParOldGen       total 246784K, used 149772K [0x0000000080000000, 0x000000008f100000, 0x00000000d5580000)
  object space 246784K, 60% used [0x0000000080000000,0x0000000089243360,0x000000008f100000)
 Metaspace       used 78336K, committed 80064K, reserved 1179648K
  class space    used 8034K, committed 8768K, reserved 1048576K
}
Event: 158509.641 GC heap before
{Heap before GC invocations=668 (full 4):
 PSYoungGen      total 2560K, used 2307K [0x00000000d5580000, 0x00000000d5980000, 0x0000000100000000)
  eden space 2048K, 100% used [0x00000000d5580000,0x00000000d5780000,0x00000000d5780000)
  from space 512K, 50% used [0x00000000d5880000,0x00000000d58c0ce0,0x00000000d5900000)
  to   space 512K, 0% used [0x00000000d5900000,0x00000000d5900000,0x00000000d5980000)
 ParOldGen       total 246784K, used 149772K [0x0000000080000000, 0x000000008f100000, 0x00000000d5580000)
  object space 246784K, 60% used [0x0000000080000000,0x0000000089243360,0x000000008f100000)
 Metaspace       used 78337K, committed 80064K, reserved 1179648K
  class space    used 8034K, committed 8768K, reserved 1048576K
}
Event: 158509.647 GC heap after
{Heap after GC invocations=668 (full 4):
 PSYoungGen      total 2560K, used 96K [0x00000000d5580000, 0x00000000d5980000, 0x0000000100000000)
  eden space 2048K, 0% used [0x00000000d5580000,0x00000000d5580000,0x00000000d5780000)
  from space 512K, 18% used [0x00000000d5900000,0x00000000d5918000,0x00000000d5980000)
  to   space 512K, 0% used [0x00000000d5880000,0x00000000d5880000,0x00000000d5900000)
 ParOldGen       total 246784K, used 149868K [0x0000000080000000, 0x000000008f100000, 0x00000000d5580000)
  object space 246784K, 60% used [0x0000000080000000,0x000000008925b380,0x000000008f100000)
 Metaspace       used 78337K, committed 80064K, reserved 1179648K
  class space    used 8034K, committed 8768K, reserved 1048576K
}
Event: 158509.859 GC heap before
{Heap before GC invocations=669 (full 4):
 PSYoungGen      total 2560K, used 2144K [0x00000000d5580000, 0x00000000d5980000, 0x0000000100000000)
  eden space 2048K, 100% used [0x00000000d5580000,0x00000000d5780000,0x00000000d5780000)
  from space 512K, 18% used [0x00000000d5900000,0x00000000d5918000,0x00000000d5980000)
  to   space 512K, 0% used [0x00000000d5880000,0x00000000d5880000,0x00000000d5900000)
 ParOldGen       total 246784K, used 149868K [0x0000000080000000, 0x000000008f100000, 0x00000000d5580000)
  object space 246784K, 60% used [0x0000000080000000,0x000000008925b380,0x000000008f100000)
 Metaspace       used 78337K, committed 80064K, reserved 1179648K
  class space    used 8034K, committed 8768K, reserved 1048576K
}
Event: 158509.861 GC heap after
{Heap after GC invocations=669 (full 4):
 PSYoungGen      total 2560K, used 128K [0x00000000d5580000, 0x00000000d5980000, 0x0000000100000000)
  eden space 2048K, 0% used [0x00000000d5580000,0x00000000d5580000,0x00000000d5780000)
  from space 512K, 25% used [0x00000000d5880000,0x00000000d58a0000,0x00000000d5900000)
  to   space 512K, 0% used [0x00000000d5900000,0x00000000d5900000,0x00000000d5980000)
 ParOldGen       total 246784K, used 149876K [0x0000000080000000, 0x000000008f100000, 0x00000000d5580000)
  object space 246784K, 60% used [0x0000000080000000,0x000000008925d380,0x000000008f100000)
 Metaspace       used 78337K, committed 80064K, reserved 1179648K
  class space    used 8034K, committed 8768K, reserved 1048576K
}

Dll operation events (12 events):
Event: 0.018 Loaded shared library c:\Users\SSI\.vscode\extensions\redhat.java-1.46.0-win32-x64\jre\21.0.8-win32-x86_64\bin\java.dll
Event: 0.456 Loaded shared library c:\Users\SSI\.vscode\extensions\redhat.java-1.46.0-win32-x64\jre\21.0.8-win32-x86_64\bin\zip.dll
Event: 0.556 Loaded shared library C:\Users\SSI\.vscode\extensions\redhat.java-1.46.0-win32-x64\jre\21.0.8-win32-x86_64\bin\instrument.dll
Event: 0.611 Loaded shared library C:\Users\SSI\.vscode\extensions\redhat.java-1.46.0-win32-x64\jre\21.0.8-win32-x86_64\bin\net.dll
Event: 0.615 Loaded shared library C:\Users\SSI\.vscode\extensions\redhat.java-1.46.0-win32-x64\jre\21.0.8-win32-x86_64\bin\nio.dll
Event: 0.621 Loaded shared library C:\Users\SSI\.vscode\extensions\redhat.java-1.46.0-win32-x64\jre\21.0.8-win32-x86_64\bin\zip.dll
Event: 0.722 Loaded shared library C:\Users\SSI\.vscode\extensions\redhat.java-1.46.0-win32-x64\jre\21.0.8-win32-x86_64\bin\jimage.dll
Event: 0.972 Loaded shared library c:\Users\SSI\.vscode\extensions\redhat.java-1.46.0-win32-x64\jre\21.0.8-win32-x86_64\bin\verify.dll
Event: 17.756 Loaded shared library C:\Users\SSI\AppData\Roaming\Code\User\globalStorage\redhat.java\1.46.0\config_win\org.eclipse.equinox.launcher\org.eclipse.equinox.launcher.win32.win32.x86_64_1.2.1400.v20250801-0854\eclipse_11916.dll
Event: 52.097 Loaded shared library C:\Users\SSI\AppData\Local\Temp\jna-82409\jna15061167591662000081.dll
Event: 61.828 Loaded shared library C:\Users\SSI\.vscode\extensions\redhat.java-1.46.0-win32-x64\jre\21.0.8-win32-x86_64\bin\sunmscapi.dll
Event: 62.135 Loaded shared library C:\Users\SSI\.vscode\extensions\redhat.java-1.46.0-win32-x64\jre\21.0.8-win32-x86_64\bin\extnet.dll

Deoptimization events (20 events):
Event: 98630.055 Thread 0x000001b0f9c0ecc0 DEOPT PACKING pc=0x000001b0e765b2f4 sp=0x0000003fea4ff530
Event: 98630.055 Thread 0x000001b0f9c0ecc0 DEOPT UNPACKING pc=0x000001b0e62b3aa2 sp=0x0000003fea4ff3e0 mode 2
Event: 150127.100 Thread 0x000001b0f9c09770 DEOPT PACKING pc=0x000001b0e0babdc1 sp=0x0000003fe7dfe7a0
Event: 150127.104 Thread 0x000001b0f9c09770 DEOPT UNPACKING pc=0x000001b0e62b4242 sp=0x0000003fe7dfdc80 mode 0
Event: 158509.846 Thread 0x000001b0f9c09770 Uncommon trap: trap_request=0xffffffbe fr.pc=0x000001b0e7671ba8 relative=0x0000000000001848
Event: 158509.847 Thread 0x000001b0f9c09770 Uncommon trap: reason=profile_predicate action=maybe_recompile pc=0x000001b0e7671ba8 method=java.io.WinNTFileSystem.normalize(Ljava/lang/String;)Ljava/lang/String; @ 25 c2
Event: 158509.847 Thread 0x000001b0f9c09770 DEOPT PACKING pc=0x000001b0e7671ba8 sp=0x0000003fe7dfeb80
Event: 158509.848 Thread 0x000001b0f9c09770 DEOPT UNPACKING pc=0x000001b0e62b3aa2 sp=0x0000003fe7dfea00 mode 2
Event: 158509.849 Thread 0x000001b0f9c09770 Uncommon trap: trap_request=0xffffffbe fr.pc=0x000001b0e7671ba8 relative=0x0000000000001848
Event: 158509.849 Thread 0x000001b0f9c09770 Uncommon trap: reason=profile_predicate action=maybe_recompile pc=0x000001b0e7671ba8 method=java.io.WinNTFileSystem.normalize(Ljava/lang/String;)Ljava/lang/String; @ 25 c2
Event: 158509.849 Thread 0x000001b0f9c09770 DEOPT PACKING pc=0x000001b0e7671ba8 sp=0x0000003fe7dfe780
Event: 158509.849 Thread 0x000001b0f9c09770 DEOPT UNPACKING pc=0x000001b0e62b3aa2 sp=0x0000003fe7dfe5f8 mode 2
Event: 158509.849 Thread 0x000001b0f9c09770 Uncommon trap: trap_request=0xffffffbe fr.pc=0x000001b0e7671ba8 relative=0x0000000000001848
Event: 158509.849 Thread 0x000001b0f9c09770 Uncommon trap: reason=profile_predicate action=maybe_recompile pc=0x000001b0e7671ba8 method=java.io.WinNTFileSystem.normalize(Ljava/lang/String;)Ljava/lang/String; @ 25 c2
Event: 158509.849 Thread 0x000001b0f9c09770 DEOPT PACKING pc=0x000001b0e7671ba8 sp=0x0000003fe7dfe780
Event: 158509.849 Thread 0x000001b0f9c09770 DEOPT UNPACKING pc=0x000001b0e62b3aa2 sp=0x0000003fe7dfe5f8 mode 2
Event: 158509.849 Thread 0x000001b0f9c09770 Uncommon trap: trap_request=0xffffffbe fr.pc=0x000001b0e7671ba8 relative=0x0000000000001848
Event: 158509.849 Thread 0x000001b0f9c09770 Uncommon trap: reason=profile_predicate action=maybe_recompile pc=0x000001b0e7671ba8 method=java.io.WinNTFileSystem.normalize(Ljava/lang/String;)Ljava/lang/String; @ 25 c2
Event: 158509.849 Thread 0x000001b0f9c09770 DEOPT PACKING pc=0x000001b0e7671ba8 sp=0x0000003fe7dfe780
Event: 158509.849 Thread 0x000001b0f9c09770 DEOPT UNPACKING pc=0x000001b0e62b3aa2 sp=0x0000003fe7dfe5f8 mode 2

Classes loaded (20 events):
Event: 149.014 Loading class java/util/AbstractList$SubList$1
Event: 149.015 Loading class java/util/AbstractList$SubList$1 done
Event: 149.349 Loading class java/nio/file/Files$2
Event: 149.349 Loading class java/nio/file/Files$2 done
Event: 149.923 Loading class java/util/stream/DistinctOps
Event: 149.925 Loading class java/util/stream/DistinctOps done
Event: 149.925 Loading class java/util/stream/DistinctOps$1
Event: 149.925 Loading class java/util/stream/DistinctOps$1 done
Event: 149.947 Loading class java/util/stream/DistinctOps$1$2
Event: 149.953 Loading class java/util/stream/DistinctOps$1$2 done
Event: 177.216 Loading class org/xml/sax/SAXNotRecognizedException
Event: 177.217 Loading class org/xml/sax/SAXNotRecognizedException done
Event: 177.217 Loading class org/xml/sax/SAXNotSupportedException
Event: 177.217 Loading class org/xml/sax/SAXNotSupportedException done
Event: 177.218 Loading class com/sun/org/apache/xerces/internal/util/URI
Event: 177.220 Loading class com/sun/org/apache/xerces/internal/util/URI done
Event: 177.222 Loading class com/sun/org/apache/xerces/internal/xni/XNIException
Event: 177.222 Loading class com/sun/org/apache/xerces/internal/xni/XNIException done
Event: 177.222 Loading class com/sun/org/apache/xerces/internal/xni/parser/XMLParseException
Event: 177.224 Loading class com/sun/org/apache/xerces/internal/xni/parser/XMLParseException done

Classes unloaded (8 events):
Event: 52.854 Thread 0x000001b0f251f900 Unloading class 0x000001b0811bc800 'java/lang/invoke/LambdaForm$MH+0x000001b0811bc800'
Event: 52.854 Thread 0x000001b0f251f900 Unloading class 0x000001b0811bc400 'java/lang/invoke/LambdaForm$MH+0x000001b0811bc400'
Event: 52.854 Thread 0x000001b0f251f900 Unloading class 0x000001b0811bc000 'java/lang/invoke/LambdaForm$MH+0x000001b0811bc000'
Event: 52.854 Thread 0x000001b0f251f900 Unloading class 0x000001b0811bbc00 'java/lang/invoke/LambdaForm$MH+0x000001b0811bbc00'
Event: 52.854 Thread 0x000001b0f251f900 Unloading class 0x000001b0811bb800 'java/lang/invoke/LambdaForm$BMH+0x000001b0811bb800'
Event: 52.854 Thread 0x000001b0f251f900 Unloading class 0x000001b0811bb400 'java/lang/invoke/LambdaForm$DMH+0x000001b0811bb400'
Event: 52.854 Thread 0x000001b0f251f900 Unloading class 0x000001b0811ba000 'java/lang/invoke/LambdaForm$DMH+0x000001b0811ba000'
Event: 169.345 Thread 0x000001b0f251f900 Unloading class 0x000001b0817a0400 'java/lang/invoke/LambdaForm$DMH+0x000001b0817a0400'

Classes redefined (0 events):
No events

Internal exceptions (20 events):
Event: 140.421 Thread 0x000001b0f9c0a490 Exception <a 'sun/nio/fs/WindowsException'{0x00000000d56fcd00}> (0x00000000d56fcd00) 
thrown [s\src\hotspot\share\prims\jni.cpp, line 520]
Event: 140.426 Thread 0x000001b0f9c0a490 Exception <a 'sun/nio/fs/WindowsException'{0x00000000d571e740}> (0x00000000d571e740) 
thrown [s\src\hotspot\share\prims\jni.cpp, line 520]
Event: 140.427 Thread 0x000001b0f9c0a490 Exception <a 'sun/nio/fs/WindowsException'{0x00000000d571f020}> (0x00000000d571f020) 
thrown [s\src\hotspot\share\prims\jni.cpp, line 520]
Event: 142.071 Thread 0x000001b0f9c0d280 Exception <a 'java/lang/ArrayIndexOutOfBoundsException'{0x00000000d5736540}: Index 34392 out of bounds for length 34391> (0x00000000d5736540) 
thrown [s\src\hotspot\share\interpreter\interpreterRuntime.cpp, line 439]
Event: 142.712 Thread 0x000001b0f32f6d00 Exception <a 'sun/nio/fs/WindowsException'{0x00000000d562ac80}> (0x00000000d562ac80) 
thrown [s\src\hotspot\share\prims\jni.cpp, line 520]
Event: 142.712 Thread 0x000001b0f32f6d00 Exception <a 'sun/nio/fs/WindowsException'{0x00000000d5631b68}> (0x00000000d5631b68) 
thrown [s\src\hotspot\share\prims\jni.cpp, line 520]
Event: 142.816 Thread 0x000001b0f32f6d00 Exception <a 'java/lang/NoSuchMethodError'{0x00000000d574bdd0}: method resolution failed> (0x00000000d574bdd0) 
thrown [s\src\hotspot\share\prims\methodHandles.cpp, line 1144]
Event: 143.372 Thread 0x000001b0f32f52c0 Exception <a 'java/lang/NoSuchMethodError'{0x00000000d57f3740}: 'void java.lang.invoke.DelegatingMethodHandle$Holder.reinvoke_L(java.lang.Object, java.lang.Object, java.lang.Object, int, java.lang.Object, int, int)'> (0x00000000d57f3740) 
thrown [s\src\hotspot\share\interpreter\linkResolver.cpp, line 773]
Event: 146.704 Thread 0x000001b0f9c0a490 Exception <a 'java/lang/NoSuchMethodError'{0x00000000d56dd628}: 'java.lang.Object java.lang.invoke.DirectMethodHandle$Holder.invokeStaticInit(java.lang.Object, java.lang.Object, java.lang.Object)'> (0x00000000d56dd628) 
thrown [s\src\hotspot\share\interpreter\linkResolver.cpp, line 773]
Event: 149.784 Thread 0x000001b0f9c0a490 Exception <a 'sun/nio/fs/WindowsException'{0x00000000d574dc18}> (0x00000000d574dc18) 
thrown [s\src\hotspot\share\prims\jni.cpp, line 520]
Event: 149.784 Thread 0x000001b0f9c0a490 Exception <a 'sun/nio/fs/WindowsException'{0x00000000d5754ba8}> (0x00000000d5754ba8) 
thrown [s\src\hotspot\share\prims\jni.cpp, line 520]
Event: 157.914 Thread 0x000001b0f9c0ab20 Exception <a 'java/io/FileNotFoundException'{0x00000000d55e0f40}> (0x00000000d55e0f40) 
thrown [s\src\hotspot\share\prims\jni.cpp, line 520]
Event: 157.914 Thread 0x000001b0f9c0ab20 Exception <a 'java/io/FileNotFoundException'{0x00000000d55e2020}> (0x00000000d55e2020) 
thrown [s\src\hotspot\share\prims\jni.cpp, line 520]
Event: 157.915 Thread 0x000001b0f9c0ab20 Exception <a 'java/io/FileNotFoundException'{0x00000000d55e3150}> (0x00000000d55e3150) 
thrown [s\src\hotspot\share\prims\jni.cpp, line 520]
Event: 194.015 Thread 0x000001b0f9c09e00 Exception <a 'java/lang/IncompatibleClassChangeError'{0x00000000d57f53c0}: Found class java.lang.Object, but interface was expected> (0x00000000d57f53c0) 
thrown [s\src\hotspot\share\interpreter\linkResolver.cpp, line 840]
Event: 194.027 Thread 0x000001b0f9c0b1b0 Exception <a 'java/lang/NoSuchMethodError'{0x00000000d55bd3b0}: 'java.lang.Object java.lang.invoke.DirectMethodHandle$Holder.invokeSpecial(java.lang.Object, java.lang.Object, java.lang.Object, java.lang.Object, int, java.lang.Object, java.lang.Object)'> (0x00000000d55bd3b0) 
thrown [s\src\hotspot\share\interpreter\linkResolver.cpp, line 773]
Event: 198.584 Thread 0x000001b0f32f6d00 Exception <a 'sun/nio/fs/WindowsException'{0x00000000d56fb828}> (0x00000000d56fb828) 
thrown [s\src\hotspot\share\prims\jni.cpp, line 520]
Event: 198.584 Thread 0x000001b0f32f6d00 Exception <a 'sun/nio/fs/WindowsException'{0x00000000d56fc0b8}> (0x00000000d56fc0b8) 
thrown [s\src\hotspot\share\prims\jni.cpp, line 520]
Event: 393.959 Thread 0x000001b0f9c09e00 Exception <a 'java/lang/IncompatibleClassChangeError'{0x00000000d55f29f8}: Found class java.lang.Object, but interface was expected> (0x00000000d55f29f8) 
thrown [s\src\hotspot\share\interpreter\linkResolver.cpp, line 840]
Event: 402.157 Thread 0x000001b0f9c09e00 Exception <a 'java/lang/IncompatibleClassChangeError'{0x00000000d55b2678}: Found class java.lang.Object, but interface was expected> (0x00000000d55b2678) 
thrown [s\src\hotspot\share\interpreter\linkResolver.cpp, line 840]

ZGC Phase Switch (0 events):
No events

VM Operations (20 events):
Event: 162595.656 Executing VM operation: HandshakeAllThreads (HandshakeForDeflation)
Event: 162595.656 Executing VM operation: HandshakeAllThreads (HandshakeForDeflation) done
Event: 162595.656 Executing VM operation: RendezvousGCThreads
Event: 162595.656 Executing VM operation: RendezvousGCThreads done
Event: 162715.830 Executing VM operation: HandshakeAllThreads (HandshakeForDeflation)
Event: 162715.831 Executing VM operation: HandshakeAllThreads (HandshakeForDeflation) done
Event: 162715.831 Executing VM operation: RendezvousGCThreads
Event: 162715.831 Executing VM operation: RendezvousGCThreads done
Event: 163016.697 Executing VM operation: HandshakeAllThreads (HandshakeForDeflation)
Event: 163016.697 Executing VM operation: HandshakeAllThreads (HandshakeForDeflation) done
Event: 163016.697 Executing VM operation: RendezvousGCThreads
Event: 163016.697 Executing VM operation: RendezvousGCThreads done
Event: 163137.163 Executing VM operation: HandshakeAllThreads (HandshakeForDeflation)
Event: 163137.163 Executing VM operation: HandshakeAllThreads (HandshakeForDeflation) done
Event: 163137.163 Executing VM operation: RendezvousGCThreads
Event: 163137.163 Executing VM operation: RendezvousGCThreads done
Event: 163557.986 Executing VM operation: HandshakeAllThreads (HandshakeForDeflation)
Event: 163557.987 Executing VM operation: HandshakeAllThreads (HandshakeForDeflation) done
Event: 163557.987 Executing VM operation: RendezvousGCThreads
Event: 163557.987 Executing VM operation: RendezvousGCThreads done

Memory protections (0 events):
No events

Nmethod flushes (20 events):
Event: 169.404 Thread 0x000001b0f251f900 flushing  nmethod 0x000001b0dfd80210
Event: 169.404 Thread 0x000001b0f251f900 flushing  nmethod 0x000001b0dfd80610
Event: 169.404 Thread 0x000001b0f251f900 flushing  nmethod 0x000001b0dfd80f90
Event: 169.404 Thread 0x000001b0f251f900 flushing  nmethod 0x000001b0dfd81490
Event: 169.404 Thread 0x000001b0f251f900 flushing  nmethod 0x000001b0dfd83490
Event: 169.404 Thread 0x000001b0f251f900 flushing  nmethod 0x000001b0dfd84710
Event: 169.404 Thread 0x000001b0f251f900 flushing  nmethod 0x000001b0dfd87e90
Event: 169.404 Thread 0x000001b0f251f900 flushing  nmethod 0x000001b0dfd9bb10
Event: 169.404 Thread 0x000001b0f251f900 flushing  nmethod 0x000001b0dfd9e210
Event: 169.404 Thread 0x000001b0f251f900 flushing  nmethod 0x000001b0dfdce890
Event: 169.404 Thread 0x000001b0f251f900 flushing  nmethod 0x000001b0dfdcf990
Event: 169.404 Thread 0x000001b0f251f900 flushing  nmethod 0x000001b0dfde9810
Event: 169.404 Thread 0x000001b0f251f900 flushing  nmethod 0x000001b0dfdfb690
Event: 169.404 Thread 0x000001b0f251f900 flushing  nmethod 0x000001b0dfdff010
Event: 169.404 Thread 0x000001b0f251f900 flushing osr nmethod 0x000001b0dfe09690
Event: 169.404 Thread 0x000001b0f251f900 flushing  nmethod 0x000001b0dfe8c810
Event: 169.404 Thread 0x000001b0f251f900 flushing  nmethod 0x000001b0dfe8e810
Event: 169.404 Thread 0x000001b0f251f900 flushing  nmethod 0x000001b0dfe9b010
Event: 169.404 Thread 0x000001b0f251f900 flushing  nmethod 0x000001b0dfe9d810
Event: 169.404 Thread 0x000001b0f251f900 flushing  nmethod 0x000001b0dfe9db90

Events (20 events):
Event: 69130.744 Thread 0x000001b0f9c09770 Thread exited: 0x000001b0f9c09770
Event: 69190.767 Thread 0x000001b0f9c0ab20 Thread exited: 0x000001b0f9c0ab20
Event: 87172.801 Thread 0x000001b0f9c09e00 Thread added: 0x000001b0f9c09770
Event: 87172.946 Thread 0x000001b0f9c09770 Thread added: 0x000001b0f9c0a490
Event: 87173.141 Thread 0x000001b0f9c0a490 Thread added: 0x000001b0f9c0ab20
Event: 87271.257 Thread 0x000001b0f9c0a490 Thread exited: 0x000001b0f9c0a490
Event: 87331.258 Thread 0x000001b0f9c0ab20 Thread exited: 0x000001b0f9c0ab20
Event: 87391.302 Thread 0x000001b0f9c09770 Thread exited: 0x000001b0f9c09770
Event: 150111.855 Thread 0x000001b0f9c09e00 Thread added: 0x000001b0f9c09770
Event: 150112.060 Thread 0x000001b0f9c09770 Thread added: 0x000001b0f9c0a490
Event: 150112.118 Thread 0x000001b0f9c0a490 Thread added: 0x000001b0f9c0ab20
Event: 150190.696 Thread 0x000001b0f9c09770 Thread exited: 0x000001b0f9c09770
Event: 150250.696 Thread 0x000001b0f9c0ab20 Thread exited: 0x000001b0f9c0ab20
Event: 150310.715 Thread 0x000001b0f9c0a490 Thread exited: 0x000001b0f9c0a490
Event: 158498.208 Thread 0x000001b0f9c09e00 Thread added: 0x000001b0f9c09770
Event: 158498.264 Thread 0x000001b0f9c09e00 Thread added: 0x000001b0f9c0a490
Event: 158498.470 Thread 0x000001b0f9c09e00 Thread added: 0x000001b0f9c0ab20
Event: 158572.691 Thread 0x000001b0f9c09770 Thread exited: 0x000001b0f9c09770
Event: 158632.705 Thread 0x000001b0f9c0ab20 Thread exited: 0x000001b0f9c0ab20
Event: 158692.710 Thread 0x000001b0f9c0a490 Thread exited: 0x000001b0f9c0a490


Dynamic libraries:
0x00007ff760ee0000 - 0x00007ff760eee000 	c:\Users\SSI\.vscode\extensions\redhat.java-1.46.0-win32-x64\jre\21.0.8-win32-x86_64\bin\java.exe
0x00007ffa3f070000 - 0x00007ffa3f268000 	C:\Windows\SYSTEM32\ntdll.dll
0x00007ffa3d8f0000 - 0x00007ffa3d9b2000 	C:\Windows\System32\KERNEL32.DLL
0x00007ffa3cad0000 - 0x00007ffa3cdc6000 	C:\Windows\System32\KERNELBASE.dll
0x00007ffa367b0000 - 0x00007ffa36844000 	C:\Windows\SYSTEM32\apphelp.dll
0x00007ffa3cfa0000 - 0x00007ffa3d0a0000 	C:\Windows\System32\ucrtbase.dll
0x00007ffa33030000 - 0x00007ffa33048000 	c:\Users\SSI\.vscode\extensions\redhat.java-1.46.0-win32-x64\jre\21.0.8-win32-x86_64\bin\jli.dll
0x00007ffa3d2b0000 - 0x00007ffa3d44d000 	C:\Windows\System32\USER32.dll
0x00007ffa3c940000 - 0x00007ffa3c962000 	C:\Windows\System32\win32u.dll
0x00007ffa3d9c0000 - 0x00007ffa3d9eb000 	C:\Windows\System32\GDI32.dll
0x00007ffa3ce80000 - 0x00007ffa3cf99000 	C:\Windows\System32\gdi32full.dll
0x00007ffa3c820000 - 0x00007ffa3c8bd000 	C:\Windows\System32\msvcp_win.dll
0x00007ffa23ed0000 - 0x00007ffa23eee000 	c:\Users\SSI\.vscode\extensions\redhat.java-1.46.0-win32-x64\jre\21.0.8-win32-x86_64\bin\VCRUNTIME140.dll
0x00007ffa23f30000 - 0x00007ffa241cb000 	C:\Windows\WinSxS\amd64_microsoft.windows.common-controls_6595b64144ccf1df_6.0.19041.6280_none_60bc30a171f2f3f3\COMCTL32.dll
0x00007ffa3d4e0000 - 0x00007ffa3d57e000 	C:\Windows\System32\msvcrt.dll
0x00007ffa3e970000 - 0x00007ffa3e99f000 	C:\Windows\System32\IMM32.DLL
0x00007ffa33eb0000 - 0x00007ffa33ebc000 	c:\Users\SSI\.vscode\extensions\redhat.java-1.46.0-win32-x64\jre\21.0.8-win32-x86_64\bin\vcruntime140_1.dll
0x00007ff9fdc10000 - 0x00007ff9fdc9d000 	c:\Users\SSI\.vscode\extensions\redhat.java-1.46.0-win32-x64\jre\21.0.8-win32-x86_64\bin\msvcp140.dll
0x00007ff9bf8e0000 - 0x00007ff9c0677000 	c:\Users\SSI\.vscode\extensions\redhat.java-1.46.0-win32-x64\jre\21.0.8-win32-x86_64\bin\server\jvm.dll
0x00007ffa3e6c0000 - 0x00007ffa3e771000 	C:\Windows\System32\ADVAPI32.dll
0x00007ffa3eac0000 - 0x00007ffa3eb5f000 	C:\Windows\System32\sechost.dll
0x00007ffa3e9a0000 - 0x00007ffa3eac0000 	C:\Windows\System32\RPCRT4.dll
0x00007ffa3c710000 - 0x00007ffa3c737000 	C:\Windows\System32\bcrypt.dll
0x00007ffa3e240000 - 0x00007ffa3e2ab000 	C:\Windows\System32\WS2_32.dll
0x00007ffa3c570000 - 0x00007ffa3c5bb000 	C:\Windows\SYSTEM32\POWRPROF.dll
0x00007ffa241d0000 - 0x00007ffa241f7000 	C:\Windows\SYSTEM32\WINMM.dll
0x00007ffa30e50000 - 0x00007ffa30e5a000 	C:\Windows\SYSTEM32\VERSION.dll
0x00007ffa3c550000 - 0x00007ffa3c562000 	C:\Windows\SYSTEM32\UMPDC.dll
0x00007ffa3aef0000 - 0x00007ffa3af02000 	C:\Windows\SYSTEM32\kernel.appcore.dll
0x00007ffa335f0000 - 0x00007ffa335fa000 	c:\Users\SSI\.vscode\extensions\redhat.java-1.46.0-win32-x64\jre\21.0.8-win32-x86_64\bin\jimage.dll
0x00007ffa37290000 - 0x00007ffa37491000 	C:\Windows\SYSTEM32\DBGHELP.DLL
0x00007ffa32560000 - 0x00007ffa32594000 	C:\Windows\SYSTEM32\dbgcore.DLL
0x00007ffa3c790000 - 0x00007ffa3c812000 	C:\Windows\System32\bcryptPrimitives.dll
0x00007ffa335b0000 - 0x00007ffa335bf000 	c:\Users\SSI\.vscode\extensions\redhat.java-1.46.0-win32-x64\jre\21.0.8-win32-x86_64\bin\instrument.dll
0x00007ffa15500000 - 0x00007ffa1551f000 	c:\Users\SSI\.vscode\extensions\redhat.java-1.46.0-win32-x64\jre\21.0.8-win32-x86_64\bin\java.dll
0x00007ffa3dad0000 - 0x00007ffa3e240000 	C:\Windows\System32\SHELL32.dll
0x00007ffa3a700000 - 0x00007ffa3aea5000 	C:\Windows\SYSTEM32\windows.storage.dll
0x00007ffa3d590000 - 0x00007ffa3d8e3000 	C:\Windows\System32\combase.dll
0x00007ffa3c0d0000 - 0x00007ffa3c0fb000 	C:\Windows\SYSTEM32\Wldp.dll
0x00007ffa3e8a0000 - 0x00007ffa3e96d000 	C:\Windows\System32\OLEAUT32.dll
0x00007ffa3e600000 - 0x00007ffa3e6ad000 	C:\Windows\System32\SHCORE.dll
0x00007ffa3d0a0000 - 0x00007ffa3d0fb000 	C:\Windows\System32\shlwapi.dll
0x00007ffa3c640000 - 0x00007ffa3c664000 	C:\Windows\SYSTEM32\profapi.dll
0x00007ffa13a00000 - 0x00007ffa13a18000 	c:\Users\SSI\.vscode\extensions\redhat.java-1.46.0-win32-x64\jre\21.0.8-win32-x86_64\bin\zip.dll
0x00007ffa33070000 - 0x00007ffa33080000 	C:\Users\SSI\.vscode\extensions\redhat.java-1.46.0-win32-x64\jre\21.0.8-win32-x86_64\bin\net.dll
0x00007ffa2af40000 - 0x00007ffa2b04a000 	C:\Windows\SYSTEM32\WINHTTP.dll
0x00007ffa3bde0000 - 0x00007ffa3be4a000 	C:\Windows\system32\mswsock.dll
0x00007ffa139e0000 - 0x00007ffa139f6000 	C:\Users\SSI\.vscode\extensions\redhat.java-1.46.0-win32-x64\jre\21.0.8-win32-x86_64\bin\nio.dll
0x00007ffa32600000 - 0x00007ffa32610000 	c:\Users\SSI\.vscode\extensions\redhat.java-1.46.0-win32-x64\jre\21.0.8-win32-x86_64\bin\verify.dll
0x00007ff9ff640000 - 0x00007ff9ff684000 	C:\Users\SSI\AppData\Roaming\Code\User\globalStorage\redhat.java\1.46.0\config_win\org.eclipse.equinox.launcher\org.eclipse.equinox.launcher.win32.win32.x86_64_1.2.1400.v20250801-0854\eclipse_11916.dll
0x00007ffa3e2b0000 - 0x00007ffa3e3db000 	C:\Windows\System32\ole32.dll
0x00007ffa3bfd0000 - 0x00007ffa3bfe8000 	C:\Windows\SYSTEM32\CRYPTSP.dll
0x00007ffa3b710000 - 0x00007ffa3b748000 	C:\Windows\system32\rsaenh.dll
0x00007ffa3c600000 - 0x00007ffa3c62e000 	C:\Windows\SYSTEM32\USERENV.dll
0x00007ffa3bfc0000 - 0x00007ffa3bfcc000 	C:\Windows\SYSTEM32\CRYPTBASE.dll
0x00007ffa3bae0000 - 0x00007ffa3bb1b000 	C:\Windows\SYSTEM32\IPHLPAPI.DLL
0x00007ffa3d580000 - 0x00007ffa3d588000 	C:\Windows\System32\NSI.dll
0x00007ff9fce80000 - 0x00007ff9fcec9000 	C:\Users\SSI\AppData\Local\Temp\jna-82409\jna15061167591662000081.dll
0x00007ffa3e3e0000 - 0x00007ffa3e3e8000 	C:\Windows\System32\PSAPI.DLL
0x00007ffa30480000 - 0x00007ffa30497000 	C:\Windows\SYSTEM32\dhcpcsvc6.DLL
0x00007ffa32230000 - 0x00007ffa3224d000 	C:\Windows\SYSTEM32\dhcpcsvc.DLL
0x00007ffa330b0000 - 0x00007ffa330be000 	C:\Users\SSI\.vscode\extensions\redhat.java-1.46.0-win32-x64\jre\21.0.8-win32-x86_64\bin\sunmscapi.dll
0x00007ffa3c970000 - 0x00007ffa3cacd000 	C:\Windows\System32\CRYPT32.dll
0x00007ffa3c140000 - 0x00007ffa3c167000 	C:\Windows\SYSTEM32\ncrypt.dll
0x00007ffa3c100000 - 0x00007ffa3c13b000 	C:\Windows\SYSTEM32\NTASN1.dll
0x00007ffa3bb20000 - 0x00007ffa3bbea000 	C:\Windows\SYSTEM32\DNSAPI.dll
0x0000000053240000 - 0x0000000053266000 	C:\Program Files\Bonjour\mdnsNSP.dll
0x00007ffa26d70000 - 0x00007ffa26d7a000 	C:\Windows\System32\rasadhlp.dll
0x00007ffa2a920000 - 0x00007ffa2a9a0000 	C:\Windows\System32\fwpuclnt.dll
0x00007ffa330a0000 - 0x00007ffa330a9000 	C:\Users\SSI\.vscode\extensions\redhat.java-1.46.0-win32-x64\jre\21.0.8-win32-x86_64\bin\extnet.dll

JVMTI agents:
c:\Users\SSI\.vscode\extensions\redhat.java-1.46.0-win32-x64\lombok\lombok-1.18.39-4050.jar path:c:\Users\SSI\.vscode\extensions\redhat.java-1.46.0-win32-x64\jre\21.0.8-win32-x86_64\bin\instrument.dll, loaded, initialized, instrumentlib options:none

dbghelp: loaded successfully - version: 4.0.5 - missing functions: none
symbol engine: initialized successfully - sym options: 0x614 - pdb path: .;c:\Users\SSI\.vscode\extensions\redhat.java-1.46.0-win32-x64\jre\21.0.8-win32-x86_64\bin;C:\Windows\SYSTEM32;C:\Windows\WinSxS\amd64_microsoft.windows.common-controls_6595b64144ccf1df_6.0.19041.6280_none_60bc30a171f2f3f3;c:\Users\SSI\.vscode\extensions\redhat.java-1.46.0-win32-x64\jre\21.0.8-win32-x86_64\bin\server;C:\Users\SSI\AppData\Roaming\Code\User\globalStorage\redhat.java\1.46.0\config_win\org.eclipse.equinox.launcher\org.eclipse.equinox.launcher.win32.win32.x86_64_1.2.1400.v20250801-0854;C:\Users\SSI\AppData\Local\Temp\jna-82409;C:\Program Files\Bonjour

VM Arguments:
jvm_args: --add-modules=ALL-SYSTEM --add-opens=java.base/java.util=ALL-UNNAMED --add-opens=java.base/java.lang=ALL-UNNAMED --add-opens=java.base/sun.nio.fs=ALL-UNNAMED -Declipse.application=org.eclipse.jdt.ls.core.id1 -Dosgi.bundles.defaultStartLevel=4 -Declipse.product=org.eclipse.jdt.ls.core.product -Djava.import.generatesMetadataFilesAtProjectRoot=false -DDetectVMInstallationsJob.disabled=true -Dfile.encoding=utf8 -XX:+UseParallelGC -XX:GCTimeRatio=4 -XX:AdaptiveSizePolicyWeight=90 -Dsun.zip.disableMemoryMapping=true -Xmx2G -Xms100m -Xlog:disable -javaagent:c:\Users\SSI\.vscode\extensions\redhat.java-1.46.0-win32-x64\lombok\lombok-1.18.39-4050.jar -XX:+HeapDumpOnOutOfMemoryError -XX:HeapDumpPath=c:\Users\SSI\AppData\Roaming\Code\User\workspaceStorage\db8d0291d32c9f2d655134ebf4b7feec\redhat.java -Daether.dependencyCollector.impl=bf 
java_command: c:\Users\SSI\.vscode\extensions\redhat.java-1.46.0-win32-x64\server\plugins\org.eclipse.equinox.launcher_1.7.0.v20250519-0528.jar -configuration c:\Users\SSI\AppData\Roaming\Code\User\globalStorage\redhat.java\1.46.0\config_win -data c:\Users\SSI\AppData\Roaming\Code\User\workspaceStorage\db8d0291d32c9f2d655134ebf4b7feec\redhat.java\jdt_ws --pipe=\\.\pipe\lsp-e750dc99f3ee645d594933525f450fa8-sock
java_class_path (initial): c:\Users\SSI\.vscode\extensions\redhat.java-1.46.0-win32-x64\server\plugins\org.eclipse.equinox.launcher_1.7.0.v20250519-0528.jar
Launcher Type: SUN_STANDARD

[Global flags]
    uintx AdaptiveSizePolicyWeight                 = 90                                        {product} {command line}
     intx CICompilerCount                          = 3                                         {product} {ergonomic}
    uintx GCTimeRatio                              = 4                                         {product} {command line}
     bool HeapDumpOnOutOfMemoryError               = true                                   {manageable} {command line}
    ccstr HeapDumpPath                             = c:\Users\SSI\AppData\Roaming\Code\User\workspaceStorage\db8d0291d32c9f2d655134ebf4b7feec\redhat.java         {manageable} {command line}
   size_t InitialHeapSize                          = 104857600                                 {product} {command line}
   size_t MaxHeapSize                              = 2147483648                                {product} {command line}
   size_t MaxNewSize                               = 715653120                                 {product} {ergonomic}
   size_t MinHeapDeltaBytes                        = 524288                                    {product} {ergonomic}
   size_t MinHeapSize                              = 104857600                                 {product} {command line}
   size_t NewSize                                  = 34603008                                  {product} {ergonomic}
    uintx NonNMethodCodeHeapSize                   = 5832780                                {pd product} {ergonomic}
    uintx NonProfiledCodeHeapSize                  = 122912730                              {pd product} {ergonomic}
   size_t OldSize                                  = 70254592                                  {product} {ergonomic}
    uintx ProfiledCodeHeapSize                     = 122912730                              {pd product} {ergonomic}
    uintx ReservedCodeCacheSize                    = 251658240                              {pd product} {ergonomic}
     bool SegmentedCodeCache                       = true                                      {product} {ergonomic}
   size_t SoftMaxHeapSize                          = 2147483648                             {manageable} {ergonomic}
     bool UseCompressedOops                        = true                           {product lp64_product} {ergonomic}
     bool UseLargePagesIndividualAllocation        = false                                  {pd product} {ergonomic}
     bool UseParallelGC                            = true                                      {product} {command line}

Logging:
Log output configuration:
 #0: stdout all=off uptime,level,tags foldmultilines=false
 #1: stderr all=off uptime,level,tags foldmultilines=false

Environment Variables:
PATH=C:\Program Files\Python312\Scripts\;C:\Program Files\Python312\;C:\Program Files\Common Files\Oracle\Java\javapath;C:\Windows\system32;C:\Windows;C:\Windows\System32\Wbem;C:\Windows\System32\WindowsPowerShell\v1.0\;C:\Windows\System32\OpenSSH\;C:\Program Files\Git\cmd;C:\Program Files\Java\jdk-21\bin;C:\Program Files\nodejs\;C:\Users\SSI\mvn\apache-maven-3.9.6\bin;C:\Users\SSI\spring\spring-3.2.2\bin;;C:\Program Files\Docker\Docker\resources\bin;C:\xampp\php;C:\composer;C:\Program Files\PuTTY\;C:\Users\SSI\AppData\Local\Programs\Python\Launcher\;C:\Users\SSI\AppData\Local\Microsoft\WindowsApps;C:\Users\SSI\AppData\Local\Programs\Microsoft VS Code\bin;C:\Users\SSI\AppData\Roaming\npm;C:\Users\SSI\AppData\Roaming\Composer\vendor\bin;C:\Users\SSI\AppData\Local\gitkraken\bin
USERNAME=SSI
OS=Windows_NT
PROCESSOR_IDENTIFIER=Intel64 Family 6 Model 78 Stepping 3, GenuineIntel
TMP=C:\Users\SSI\AppData\Local\Temp
TEMP=C:\Users\SSI\AppData\Local\Temp




Periodic native trim disabled

---------------  S Y S T E M  ---------------

OS:
 Windows 10 , 64 bit Build 19041 (10.0.19041.5915)
OS uptime: 8 days 16:40 hours
Hyper-V role detected

CPU: total 4 (initial active 4) (2 cores per cpu, 2 threads per core) family 6 model 78 stepping 3 microcode 0xf0, cx8, cmov, fxsr, ht, mmx, 3dnowpref, sse, sse2, sse3, ssse3, sse4.1, sse4.2, popcnt, lzcnt, tsc, tscinvbit, avx, avx2, aes, erms, clmul, bmi1, bmi2, rtm, adx, fma, vzeroupper, clflush, clflushopt, hv, rdtscp, f16c
Processor Information for processor 0
  Max Mhz: 2496, Current Mhz: 2396, Mhz Limit: 2396
Processor Information for processor 1
  Max Mhz: 2496, Current Mhz: 1497, Mhz Limit: 2396
Processor Information for processor 2
  Max Mhz: 2496, Current Mhz: 1497, Mhz Limit: 2396
Processor Information for processor 3
  Max Mhz: 2496, Current Mhz: 2396, Mhz Limit: 2396

Memory: 4k page, system-wide physical 16263M (802M free)
TotalPageFile size 45271M (AvailPageFile size 79M)
current process WorkingSet (physical memory assigned to process): 14M, peak: 520M
current process commit charge ("private bytes"): 567M, peak: 572M

vm_info: OpenJDK 64-Bit Server VM (21.0.8+9-LTS) for windows-amd64 JRE (21.0.8+9-LTS), built on 2025-07-15T00:00:00Z by "admin" with MS VC++ 17.7 (VS2022)

END.
