#
# There is insufficient memory for the Java Runtime Environment to continue.
# Native memory allocation (malloc) failed to allocate 745216 bytes. Error detail: Chunk::new
# Possible reasons:
#   The system is out of physical RAM or swap space
#   This process is running with CompressedOops enabled, and the Java Heap may be blocking the growth of the native heap
# Possible solutions:
#   Reduce memory load on the system
#   Increase physical memory or swap space
#   Check if swap backing store is full
#   Decrease Java heap size (-Xmx/-Xms)
#   Decrease number of Java threads
#   Decrease Java thread stack sizes (-Xss)
#   Set larger code cache with -XX:ReservedCodeCacheSize=
#   JVM is running with Unscaled Compressed Oops mode in which the Java heap is
#     placed in the first 4GB address space. The Java Heap base address is the
#     maximum limit for the native heap growth. Please use -XX:HeapBaseMinAddress
#     to set the Java Heap base and to place the Java Heap above 4GB virtual address.
# This output file may be truncated or incomplete.
#
#  Out of Memory Error (arena.cpp:168), pid=26504, tid=5516
#
# JRE version: OpenJDK Runtime Environment Temurin-21.0.8+9 (21.0.8+9) (build 21.0.8+9-LTS)
# Java VM: OpenJDK 64-Bit Server VM Temurin-21.0.8+9 (21.0.8+9-LTS, mixed mode, sharing, tiered, compressed oops, compressed class ptrs, parallel gc, windows-amd64)
# No core dump will be written. Minidumps are not enabled by default on client versions of Windows
#

---------------  S U M M A R Y ------------

Command Line: --add-modules=ALL-SYSTEM --add-opens=java.base/java.util=ALL-UNNAMED --add-opens=java.base/java.lang=ALL-UNNAMED --add-opens=java.base/sun.nio.fs=ALL-UNNAMED -Declipse.application=org.eclipse.jdt.ls.core.id1 -Dosgi.bundles.defaultStartLevel=4 -Declipse.product=org.eclipse.jdt.ls.core.product -Djava.import.generatesMetadataFilesAtProjectRoot=false -DDetectVMInstallationsJob.disabled=true -Dfile.encoding=utf8 -XX:+UseParallelGC -XX:GCTimeRatio=4 -XX:AdaptiveSizePolicyWeight=90 -Dsun.zip.disableMemoryMapping=true -Xmx2G -Xms100m -Xlog:disable -javaagent:c:\Users\SSI\.vscode\extensions\redhat.java-1.46.0-win32-x64\lombok\lombok-1.18.39-4050.jar c:\Users\SSI\.vscode\extensions\redhat.java-1.46.0-win32-x64\server\plugins\org.eclipse.equinox.launcher_1.7.0.v20250519-0528.jar -configuration c:\Users\SSI\AppData\Roaming\Code\User\globalStorage\redhat.java\1.46.0\config_ss_win -data c:\Users\SSI\AppData\Roaming\Code\User\workspaceStorage\db8d0291d32c9f2d655134ebf4b7feec\redhat.java\ss_ws --pipe=\\.\pipe\lsp-74c84c88af0090f9aebcdcc3636c2320-sock

Host: Intel(R) Core(TM) i5-6300U CPU @ 2.40GHz, 4 cores, 15G,  Windows 10 , 64 bit Build 19041 (10.0.19041.5915)
Time: Fri Oct 10 09:18:17 2025 elapsed time: 34.559461 seconds (0d 0h 0m 34s)

---------------  T H R E A D  ---------------

Current thread (0x0000012e7b5e74d0):  JavaThread "C2 CompilerThread0" daemon [_thread_in_native, id=5516, stack(0x000000117a000000,0x000000117a100000) (1024K)]


Current CompileTask:
C2:34559 5352       4       org.lombokweb.asm.ClassReader::readMethod (1070 bytes)

Stack: [0x000000117a000000,0x000000117a100000]
Native frames: (J=compiled Java code, j=interpreted, Vv=VM code, C=native code)
V  [jvm.dll+0x6d2449]
V  [jvm.dll+0x8ae341]
V  [jvm.dll+0x8b08be]
V  [jvm.dll+0x8b0fa3]
V  [jvm.dll+0x280c96]
V  [jvm.dll+0xc581d]
V  [jvm.dll+0xc5d53]
V  [jvm.dll+0x2f539d]
V  [jvm.dll+0x5fa00a]
V  [jvm.dll+0x252092]
V  [jvm.dll+0x25244f]
V  [jvm.dll+0x24ad14]
V  [jvm.dll+0x2483a4]
V  [jvm.dll+0x1c89ee]
V  [jvm.dll+0x257d4d]
V  [jvm.dll+0x2562ea]
V  [jvm.dll+0x3f2d16]
V  [jvm.dll+0x857e6b]
V  [jvm.dll+0x6d0b0d]
C  [ucrtbase.dll+0x21bb2]
C  [KERNEL32.DLL+0x17374]
C  [ntdll.dll+0x4cc91]


---------------  P R O C E S S  ---------------

Threads class SMR info:
_java_thread_list=0x0000012e7c35d340, length=32, elements={
0x0000012e62960bd0, 0x0000012e64cb9060, 0x0000012e64cbc970, 0x0000012e64cbddb0,
0x0000012e7b5e42b0, 0x0000012e7b5e5d00, 0x0000012e7b5e6750, 0x0000012e7b5e74d0,
0x0000012e7b658490, 0x0000012e64c6e910, 0x0000012e7c54c8e0, 0x0000012e7cba1ef0,
0x0000012e7ca0fc50, 0x0000012e7ca10800, 0x0000012e7cc138b0, 0x0000012e7cc94ed0,
0x0000012e7d42c960, 0x0000012e7cdabbf0, 0x0000012e7d09c8e0, 0x0000012e7dac23b0,
0x0000012e7dac30d0, 0x0000012e7dac2a40, 0x0000012e7dac3df0, 0x0000012e7dac1690,
0x0000012e7dac3760, 0x0000012e7dac0970, 0x0000012e7dac1000, 0x0000012e7dac1d20,
0x0000012e7d3c2880, 0x0000012e7d3c3c30, 0x0000012e7d3c5d00, 0x0000012e7c2b30d0
}

Java Threads: ( => current thread )
  0x0000012e62960bd0 JavaThread "main"                              [_thread_blocked, id=552, stack(0x0000001179600000,0x0000001179700000) (1024K)]
  0x0000012e64cb9060 JavaThread "Reference Handler"          daemon [_thread_blocked, id=2240, stack(0x0000001179a00000,0x0000001179b00000) (1024K)]
  0x0000012e64cbc970 JavaThread "Finalizer"                  daemon [_thread_blocked, id=14600, stack(0x0000001179b00000,0x0000001179c00000) (1024K)]
  0x0000012e64cbddb0 JavaThread "Signal Dispatcher"          daemon [_thread_blocked, id=11236, stack(0x0000001179c00000,0x0000001179d00000) (1024K)]
  0x0000012e7b5e42b0 JavaThread "Attach Listener"            daemon [_thread_blocked, id=29192, stack(0x0000001179d00000,0x0000001179e00000) (1024K)]
  0x0000012e7b5e5d00 JavaThread "Service Thread"             daemon [_thread_blocked, id=20356, stack(0x0000001179e00000,0x0000001179f00000) (1024K)]
  0x0000012e7b5e6750 JavaThread "Monitor Deflation Thread"   daemon [_thread_blocked, id=17588, stack(0x0000001179f00000,0x000000117a000000) (1024K)]
=>0x0000012e7b5e74d0 JavaThread "C2 CompilerThread0"         daemon [_thread_in_native, id=5516, stack(0x000000117a000000,0x000000117a100000) (1024K)]
  0x0000012e7b658490 JavaThread "C1 CompilerThread0"         daemon [_thread_blocked, id=23120, stack(0x000000117a100000,0x000000117a200000) (1024K)]
  0x0000012e64c6e910 JavaThread "Common-Cleaner"             daemon [_thread_blocked, id=15088, stack(0x000000117a200000,0x000000117a300000) (1024K)]
  0x0000012e7c54c8e0 JavaThread "Notification Thread"        daemon [_thread_blocked, id=18756, stack(0x000000117a300000,0x000000117a400000) (1024K)]
  0x0000012e7cba1ef0 JavaThread "Active Thread: Equinox Container: 8b9d0d2e-0753-4df2-9992-fd4f325cc06d"        [_thread_blocked, id=25328, stack(0x000000117a700000,0x000000117a800000) (1024K)]
  0x0000012e7ca0fc50 JavaThread "Framework Event Dispatcher: Equinox Container: 8b9d0d2e-0753-4df2-9992-fd4f325cc06d" daemon [_thread_blocked, id=4876, stack(0x000000117a800000,0x000000117a900000) (1024K)]
  0x0000012e7ca10800 JavaThread "Start Level: Equinox Container: 8b9d0d2e-0753-4df2-9992-fd4f325cc06d" daemon [_thread_blocked, id=29520, stack(0x000000117a900000,0x000000117aa00000) (1024K)]
  0x0000012e7cc138b0 JavaThread "SCR Component Actor"        daemon [_thread_blocked, id=28232, stack(0x000000117aa00000,0x000000117ab00000) (1024K)]
  0x0000012e7cc94ed0 JavaThread "Worker-JM"                         [_thread_blocked, id=17380, stack(0x000000117ab00000,0x000000117ac00000) (1024K)]
  0x0000012e7d42c960 JavaThread "JNA Cleaner"                daemon [_thread_blocked, id=11068, stack(0x000000117ac00000,0x000000117ad00000) (1024K)]
  0x0000012e7cdabbf0 JavaThread "Worker-0"                          [_thread_blocked, id=29336, stack(0x000000117ad00000,0x000000117ae00000) (1024K)]
  0x0000012e7d09c8e0 JavaThread "Worker-1"                          [_thread_blocked, id=13592, stack(0x000000117ae00000,0x000000117af00000) (1024K)]
  0x0000012e7dac23b0 JavaThread "Thread-1"                   daemon [_thread_in_native, id=21724, stack(0x000000117b000000,0x000000117b100000) (1024K)]
  0x0000012e7dac30d0 JavaThread "Thread-2"                   daemon [_thread_in_native, id=14332, stack(0x000000117b100000,0x000000117b200000) (1024K)]
  0x0000012e7dac2a40 JavaThread "Thread-3"                   daemon [_thread_in_native, id=6464, stack(0x000000117b200000,0x000000117b300000) (1024K)]
  0x0000012e7dac3df0 JavaThread "Thread-4"                   daemon [_thread_in_native, id=19280, stack(0x000000117b300000,0x000000117b400000) (1024K)]
  0x0000012e7dac1690 JavaThread "Thread-5"                   daemon [_thread_in_native, id=26500, stack(0x000000117b400000,0x000000117b500000) (1024K)]
  0x0000012e7dac3760 JavaThread "pool-2-thread-1"                   [_thread_blocked, id=13024, stack(0x000000117b500000,0x000000117b600000) (1024K)]
  0x0000012e7dac0970 JavaThread "Worker-2"                          [_thread_blocked, id=3052, stack(0x000000117b600000,0x000000117b700000) (1024K)]
  0x0000012e7dac1000 JavaThread "WorkspaceEventsHandler"            [_thread_blocked, id=23280, stack(0x000000117b700000,0x000000117b800000) (1024K)]
  0x0000012e7dac1d20 JavaThread "pool-1-thread-1"                   [_thread_blocked, id=16920, stack(0x000000117b800000,0x000000117b900000) (1024K)]
  0x0000012e7d3c2880 JavaThread "ForkJoinPool.commonPool-worker-1" daemon [_thread_blocked, id=15408, stack(0x000000117af00000,0x000000117b000000) (1024K)]
  0x0000012e7d3c3c30 JavaThread "ForkJoinPool.commonPool-worker-2" daemon [_thread_blocked, id=10968, stack(0x000000117b900000,0x000000117ba00000) (1024K)]
  0x0000012e7d3c5d00 JavaThread "ForkJoinPool.commonPool-worker-3" daemon [_thread_in_native, id=28124, stack(0x000000117ba00000,0x000000117bb00000) (1024K)]
  0x0000012e7c2b30d0 JavaThread "C2 CompilerThread1"         daemon [_thread_in_native, id=20748, stack(0x000000117bb00000,0x000000117bc00000) (1024K)]
Total: 32

Other Threads:
  0x0000012e64c9e230 VMThread "VM Thread"                           [id=7732, stack(0x0000001179900000,0x0000001179a00000) (1024K)]
  0x0000012e64c6d730 WatcherThread "VM Periodic Task Thread"        [id=28136, stack(0x0000001179800000,0x0000001179900000) (1024K)]
  0x0000012e64c21bb0 WorkerThread "GC Thread#0"                     [id=16364, stack(0x0000001179700000,0x0000001179800000) (1024K)]
  0x0000012e7c96b7f0 WorkerThread "GC Thread#1"                     [id=9732, stack(0x000000117a400000,0x000000117a500000) (1024K)]
  0x0000012e7c96bb90 WorkerThread "GC Thread#2"                     [id=19672, stack(0x000000117a500000,0x000000117a600000) (1024K)]
  0x0000012e7c8d37b0 WorkerThread "GC Thread#3"                     [id=25660, stack(0x000000117a600000,0x000000117a700000) (1024K)]
Total: 6

Threads with active compile tasks:
C2 CompilerThread0  34622 5352       4       org.lombokweb.asm.ClassReader::readMethod (1070 bytes)
C2 CompilerThread1  34622 5348       4       lombok.patcher.MethodTarget::matches (29 bytes)
Total: 2

VM state: not at safepoint (normal execution)

VM Mutex/Monitor currently owned by a thread: None

Heap address: 0x0000000080000000, size: 2048 MB, Compressed Oops mode: 32-bit

CDS archive(s) mapped at: [0x0000012e00000000-0x0000012e00ba0000-0x0000012e00ba0000), size 12189696, SharedBaseAddress: 0x0000012e00000000, ArchiveRelocationMode: 1.
Compressed class space mapped at: 0x0000012e01000000-0x0000012e41000000, reserved size: 1073741824
Narrow klass base: 0x0000012e00000000, Narrow klass shift: 0, Narrow klass range: 0x100000000

GC Precious Log:
 CardTable entry size: 512
 CPUs: 4 total, 4 available
 Memory: 16263M
 Large Page Support: Disabled
 NUMA Support: Disabled
 Compressed Oops: Enabled (32-bit)
 Alignments: Space 512K, Generation 512K, Heap 2M
 Heap Min Capacity: 100M
 Heap Initial Capacity: 100M
 Heap Max Capacity: 2G
 Pre-touch: Disabled
 Parallel Workers: 4

Heap:
 PSYoungGen      total 22528K, used 11611K [0x00000000d5580000, 0x00000000d6f00000, 0x0000000100000000)
  eden space 22016K, 50% used [0x00000000d5580000,0x00000000d6059b30,0x00000000d6b00000)
  from space 512K, 97% used [0x00000000d6d80000,0x00000000d6dfd138,0x00000000d6e00000)
  to   space 2048K, 0% used [0x00000000d6b00000,0x00000000d6b00000,0x00000000d6d00000)
 ParOldGen       total 68608K, used 40176K [0x0000000080000000, 0x0000000084300000, 0x00000000d5580000)
  object space 68608K, 58% used [0x0000000080000000,0x000000008273c250,0x0000000084300000)
 Metaspace       used 38167K, committed 39104K, reserved 1114112K
  class space    used 3842K, committed 4224K, reserved 1048576K

Card table byte_map: [0x0000012e645c0000,0x0000012e649d0000] _byte_map_base: 0x0000012e641c0000

Marking Bits: (ParMarkBitMap*) 0x00007ff9c059a340
 Begin Bits: [0x0000012e770a0000, 0x0000012e790a0000)
 End Bits:   [0x0000012e790a0000, 0x0000012e7b0a0000)

Polling page: 0x0000012e62910000

Metaspace:

Usage:
  Non-class:     33.52 MB used.
      Class:      3.75 MB used.
       Both:     37.27 MB used.

Virtual space:
  Non-class space:       64.00 MB reserved,      34.06 MB ( 53%) committed,  1 nodes.
      Class space:        1.00 GB reserved,       4.12 MB ( <1%) committed,  1 nodes.
             Both:        1.06 GB reserved,      38.19 MB (  4%) committed. 

Chunk freelists:
   Non-Class:  13.72 MB
       Class:  11.84 MB
        Both:  25.56 MB

MaxMetaspaceSize: unlimited
CompressedClassSpaceSize: 1.00 GB
Initial GC threshold: 21.00 MB
Current GC threshold: 58.38 MB
CDS: on
 - commit_granule_bytes: 65536.
 - commit_granule_words: 8192.
 - virtual_space_node_default_size: 8388608.
 - enlarge_chunks_in_place: 1.
 - use_allocation_guard: 0.


Internal statistics:

num_allocs_failed_limit: 6.
num_arena_births: 774.
num_arena_deaths: 56.
num_vsnodes_births: 2.
num_vsnodes_deaths: 0.
num_space_committed: 611.
num_space_uncommitted: 0.
num_chunks_returned_to_freelist: 79.
num_chunks_taken_from_freelist: 2389.
num_chunk_merges: 22.
num_chunk_splits: 1483.
num_chunks_enlarged: 920.
num_inconsistent_stats: 0.

CodeHeap 'non-profiled nmethods': size=120000Kb used=3215Kb max_used=3215Kb free=116785Kb
 bounds [0x0000012e6f8c0000, 0x0000012e6fbf0000, 0x0000012e76df0000]
CodeHeap 'profiled nmethods': size=120000Kb used=10928Kb max_used=10928Kb free=109071Kb
 bounds [0x0000012e67df0000, 0x0000012e688c0000, 0x0000012e6f320000]
CodeHeap 'non-nmethods': size=5760Kb used=1375Kb max_used=1440Kb free=4385Kb
 bounds [0x0000012e6f320000, 0x0000012e6f590000, 0x0000012e6f8c0000]
CodeCache: size=245760Kb, used=15518Kb, max_used=15583Kb, free=230241Kb
 total_blobs=5611, nmethods=4933, adapters=584, full_count=0
Compilation: enabled, stopped_count=0, restarted_count=0

Compilation events (20 events):
Event: 33.600 Thread 0x0000012e7b658490 5349       3       org.lombokweb.asm.MethodVisitor::visitIntInsn (17 bytes)
Event: 33.601 Thread 0x0000012e7b658490 nmethod 5349 0x0000012e67f1a290 code [0x0000012e67f1a440, 0x0000012e67f1a648]
Event: 33.698 Thread 0x0000012e7b658490 5353       3       org.lombokweb.asm.SymbolTable::getConstantMethodHandleSymbolData (16 bytes)
Event: 33.699 Thread 0x0000012e7b658490 nmethod 5353 0x0000012e67f06f90 code [0x0000012e67f07140, 0x0000012e67f072c0]
Event: 33.699 Thread 0x0000012e7b658490 5354       3       org.lombokweb.asm.SymbolTable::hash (23 bytes)
Event: 33.699 Thread 0x0000012e7b658490 nmethod 5354 0x0000012e67f06a90 code [0x0000012e67f06c60, 0x0000012e67f06e28]
Event: 33.704 Thread 0x0000012e7b658490 5355       3       org.lombokweb.asm.ByteVector::put122 (93 bytes)
Event: 33.704 Thread 0x0000012e7b658490 nmethod 5355 0x0000012e67f57390 code [0x0000012e67f57540, 0x0000012e67f577b8]
Event: 33.705 Thread 0x0000012e7b658490 5356       3       org.lombokweb.asm.MethodVisitor::visitCode (15 bytes)
Event: 33.706 Thread 0x0000012e7b658490 nmethod 5356 0x0000012e67f06590 code [0x0000012e67f06740, 0x0000012e67f06948]
Event: 33.706 Thread 0x0000012e7b658490 5357       3       org.lombokweb.asm.MethodVisitor::visitMaxs (17 bytes)
Event: 33.706 Thread 0x0000012e7b658490 nmethod 5357 0x0000012e67f56f10 code [0x0000012e67f570c0, 0x0000012e67f572c8]
Event: 33.706 Thread 0x0000012e7b658490 5358       3       org.lombokweb.asm.MethodVisitor::visitEnd (15 bytes)
Event: 33.706 Thread 0x0000012e7b658490 nmethod 5358 0x0000012e67f56a90 code [0x0000012e67f56c40, 0x0000012e67f56e48]
Event: 33.714 Thread 0x0000012e7b658490 5359       3       org.lombokweb.asm.MethodWriter::visitLdcInsn (215 bytes)
Event: 33.715 Thread 0x0000012e7b658490 nmethod 5359 0x0000012e67f55890 code [0x0000012e67f55b20, 0x0000012e67f56620]
Event: 33.830 Thread 0x0000012e7b5e74d0 nmethod 5344 0x0000012e6fbd6590 code [0x0000012e6fbd6b60, 0x0000012e6fbda980]
Event: 33.832 Thread 0x0000012e7b5e74d0 5352       4       org.lombokweb.asm.ClassReader::readMethod (1070 bytes)
Event: 34.418 Thread 0x0000012e7c2b30d0 nmethod 5335% 0x0000012e6fbdd710 code [0x0000012e6fbde000, 0x0000012e6fbe6fd8]
Event: 34.420 Thread 0x0000012e7c2b30d0 5350       4       lombok.patcher.Hook::convertType (64 bytes)

GC Heap History (20 events):
Event: 29.317 GC heap before
{Heap before GC invocations=15 (full 1):
 PSYoungGen      total 24064K, used 24034K [0x00000000d5580000, 0x00000000d7400000, 0x0000000100000000)
  eden space 22016K, 100% used [0x00000000d5580000,0x00000000d6b00000,0x00000000d6b00000)
  from space 2048K, 98% used [0x00000000d7000000,0x00000000d71f8830,0x00000000d7200000)
  to   space 2048K, 0% used [0x00000000d7200000,0x00000000d7200000,0x00000000d7400000)
 ParOldGen       total 68608K, used 26463K [0x0000000080000000, 0x0000000084300000, 0x00000000d5580000)
  object space 68608K, 38% used [0x0000000080000000,0x00000000819d7e30,0x0000000084300000)
 Metaspace       used 32494K, committed 33408K, reserved 1114112K
  class space    used 3273K, committed 3648K, reserved 1048576K
}
Event: 29.324 GC heap after
{Heap after GC invocations=15 (full 1):
 PSYoungGen      total 24064K, used 2016K [0x00000000d5580000, 0x00000000d7400000, 0x0000000100000000)
  eden space 22016K, 0% used [0x00000000d5580000,0x00000000d5580000,0x00000000d6b00000)
  from space 2048K, 98% used [0x00000000d7200000,0x00000000d73f8010,0x00000000d7400000)
  to   space 4608K, 0% used [0x00000000d6b00000,0x00000000d6b00000,0x00000000d6f80000)
 ParOldGen       total 68608K, used 28653K [0x0000000080000000, 0x0000000084300000, 0x00000000d5580000)
  object space 68608K, 41% used [0x0000000080000000,0x0000000081bfb738,0x0000000084300000)
 Metaspace       used 32494K, committed 33408K, reserved 1114112K
  class space    used 3273K, committed 3648K, reserved 1048576K
}
Event: 29.642 GC heap before
{Heap before GC invocations=16 (full 1):
 PSYoungGen      total 24064K, used 24032K [0x00000000d5580000, 0x00000000d7400000, 0x0000000100000000)
  eden space 22016K, 100% used [0x00000000d5580000,0x00000000d6b00000,0x00000000d6b00000)
  from space 2048K, 98% used [0x00000000d7200000,0x00000000d73f8010,0x00000000d7400000)
  to   space 4608K, 0% used [0x00000000d6b00000,0x00000000d6b00000,0x00000000d6f80000)
 ParOldGen       total 68608K, used 28653K [0x0000000080000000, 0x0000000084300000, 0x00000000d5580000)
  object space 68608K, 41% used [0x0000000080000000,0x0000000081bfb738,0x0000000084300000)
 Metaspace       used 32518K, committed 33472K, reserved 1114112K
  class space    used 3274K, committed 3648K, reserved 1048576K
}
Event: 29.647 GC heap after
{Heap after GC invocations=16 (full 1):
 PSYoungGen      total 26624K, used 2084K [0x00000000d5580000, 0x00000000d7280000, 0x0000000100000000)
  eden space 22016K, 0% used [0x00000000d5580000,0x00000000d5580000,0x00000000d6b00000)
  from space 4608K, 45% used [0x00000000d6b00000,0x00000000d6d09000,0x00000000d6f80000)
  to   space 3072K, 0% used [0x00000000d6f80000,0x00000000d6f80000,0x00000000d7280000)
 ParOldGen       total 68608K, used 30668K [0x0000000080000000, 0x0000000084300000, 0x00000000d5580000)
  object space 68608K, 44% used [0x0000000080000000,0x0000000081df30f8,0x0000000084300000)
 Metaspace       used 32518K, committed 33472K, reserved 1114112K
  class space    used 3274K, committed 3648K, reserved 1048576K
}
Event: 29.819 GC heap before
{Heap before GC invocations=17 (full 1):
 PSYoungGen      total 26624K, used 24100K [0x00000000d5580000, 0x00000000d7280000, 0x0000000100000000)
  eden space 22016K, 100% used [0x00000000d5580000,0x00000000d6b00000,0x00000000d6b00000)
  from space 4608K, 45% used [0x00000000d6b00000,0x00000000d6d09000,0x00000000d6f80000)
  to   space 3072K, 0% used [0x00000000d6f80000,0x00000000d6f80000,0x00000000d7280000)
 ParOldGen       total 68608K, used 30668K [0x0000000080000000, 0x0000000084300000, 0x00000000d5580000)
  object space 68608K, 44% used [0x0000000080000000,0x0000000081df30f8,0x0000000084300000)
 Metaspace       used 32545K, committed 33472K, reserved 1114112K
  class space    used 3274K, committed 3648K, reserved 1048576K
}
Event: 29.826 GC heap after
{Heap after GC invocations=17 (full 1):
 PSYoungGen      total 24576K, used 2176K [0x00000000d5580000, 0x00000000d7200000, 0x0000000100000000)
  eden space 22016K, 0% used [0x00000000d5580000,0x00000000d5580000,0x00000000d6b00000)
  from space 2560K, 85% used [0x00000000d6f80000,0x00000000d71a0010,0x00000000d7200000)
  to   space 2560K, 0% used [0x00000000d6d00000,0x00000000d6d00000,0x00000000d6f80000)
 ParOldGen       total 68608K, used 32649K [0x0000000080000000, 0x0000000084300000, 0x00000000d5580000)
  object space 68608K, 47% used [0x0000000080000000,0x0000000081fe2720,0x0000000084300000)
 Metaspace       used 32545K, committed 33472K, reserved 1114112K
  class space    used 3274K, committed 3648K, reserved 1048576K
}
Event: 30.205 GC heap before
{Heap before GC invocations=18 (full 1):
 PSYoungGen      total 24576K, used 24192K [0x00000000d5580000, 0x00000000d7200000, 0x0000000100000000)
  eden space 22016K, 100% used [0x00000000d5580000,0x00000000d6b00000,0x00000000d6b00000)
  from space 2560K, 85% used [0x00000000d6f80000,0x00000000d71a0010,0x00000000d7200000)
  to   space 2560K, 0% used [0x00000000d6d00000,0x00000000d6d00000,0x00000000d6f80000)
 ParOldGen       total 68608K, used 32649K [0x0000000080000000, 0x0000000084300000, 0x00000000d5580000)
  object space 68608K, 47% used [0x0000000080000000,0x0000000081fe2720,0x0000000084300000)
 Metaspace       used 32655K, committed 33536K, reserved 1114112K
  class space    used 3277K, committed 3648K, reserved 1048576K
}
Event: 30.215 GC heap after
{Heap after GC invocations=18 (full 1):
 PSYoungGen      total 24064K, used 2008K [0x00000000d5580000, 0x00000000d7000000, 0x0000000100000000)
  eden space 22016K, 0% used [0x00000000d5580000,0x00000000d5580000,0x00000000d6b00000)
  from space 2048K, 98% used [0x00000000d6d00000,0x00000000d6ef6200,0x00000000d6f00000)
  to   space 1024K, 0% used [0x00000000d6f00000,0x00000000d6f00000,0x00000000d7000000)
 ParOldGen       total 68608K, used 34781K [0x0000000080000000, 0x0000000084300000, 0x00000000d5580000)
  object space 68608K, 50% used [0x0000000080000000,0x00000000821f7540,0x0000000084300000)
 Metaspace       used 32655K, committed 33536K, reserved 1114112K
  class space    used 3277K, committed 3648K, reserved 1048576K
}
Event: 30.580 GC heap before
{Heap before GC invocations=19 (full 1):
 PSYoungGen      total 24064K, used 24024K [0x00000000d5580000, 0x00000000d7000000, 0x0000000100000000)
  eden space 22016K, 100% used [0x00000000d5580000,0x00000000d6b00000,0x00000000d6b00000)
  from space 2048K, 98% used [0x00000000d6d00000,0x00000000d6ef6200,0x00000000d6f00000)
  to   space 1024K, 0% used [0x00000000d6f00000,0x00000000d6f00000,0x00000000d7000000)
 ParOldGen       total 68608K, used 34781K [0x0000000080000000, 0x0000000084300000, 0x00000000d5580000)
  object space 68608K, 50% used [0x0000000080000000,0x00000000821f7540,0x0000000084300000)
 Metaspace       used 33601K, committed 34560K, reserved 1114112K
  class space    used 3397K, committed 3776K, reserved 1048576K
}
Event: 30.585 GC heap after
{Heap after GC invocations=19 (full 1):
 PSYoungGen      total 23040K, used 1024K [0x00000000d5580000, 0x00000000d7300000, 0x0000000100000000)
  eden space 22016K, 0% used [0x00000000d5580000,0x00000000d5580000,0x00000000d6b00000)
  from space 1024K, 100% used [0x00000000d6f00000,0x00000000d7000000,0x00000000d7000000)
  to   space 4096K, 0% used [0x00000000d6b00000,0x00000000d6b00000,0x00000000d6f00000)
 ParOldGen       total 68608K, used 37300K [0x0000000080000000, 0x0000000084300000, 0x00000000d5580000)
  object space 68608K, 54% used [0x0000000080000000,0x000000008246d018,0x0000000084300000)
 Metaspace       used 33601K, committed 34560K, reserved 1114112K
  class space    used 3397K, committed 3776K, reserved 1048576K
}
Event: 31.150 GC heap before
{Heap before GC invocations=20 (full 1):
 PSYoungGen      total 23040K, used 7561K [0x00000000d5580000, 0x00000000d7300000, 0x0000000100000000)
  eden space 22016K, 29% used [0x00000000d5580000,0x00000000d5be2428,0x00000000d6b00000)
  from space 1024K, 100% used [0x00000000d6f00000,0x00000000d7000000,0x00000000d7000000)
  to   space 4096K, 0% used [0x00000000d6b00000,0x00000000d6b00000,0x00000000d6f00000)
 ParOldGen       total 68608K, used 37300K [0x0000000080000000, 0x0000000084300000, 0x00000000d5580000)
  object space 68608K, 54% used [0x0000000080000000,0x000000008246d018,0x0000000084300000)
 Metaspace       used 34881K, committed 35840K, reserved 1114112K
  class space    used 3509K, committed 3904K, reserved 1048576K
}
Event: 31.154 GC heap after
{Heap after GC invocations=20 (full 1):
 PSYoungGen      total 23040K, used 532K [0x00000000d5580000, 0x00000000d6f80000, 0x0000000100000000)
  eden space 22016K, 0% used [0x00000000d5580000,0x00000000d5580000,0x00000000d6b00000)
  from space 1024K, 52% used [0x00000000d6b00000,0x00000000d6b853c8,0x00000000d6c00000)
  to   space 2048K, 0% used [0x00000000d6d80000,0x00000000d6d80000,0x00000000d6f80000)
 ParOldGen       total 68608K, used 38335K [0x0000000080000000, 0x0000000084300000, 0x00000000d5580000)
  object space 68608K, 55% used [0x0000000080000000,0x000000008256fcf8,0x0000000084300000)
 Metaspace       used 34881K, committed 35840K, reserved 1114112K
  class space    used 3509K, committed 3904K, reserved 1048576K
}
Event: 31.154 GC heap before
{Heap before GC invocations=21 (full 2):
 PSYoungGen      total 23040K, used 532K [0x00000000d5580000, 0x00000000d6f80000, 0x0000000100000000)
  eden space 22016K, 0% used [0x00000000d5580000,0x00000000d5580000,0x00000000d6b00000)
  from space 1024K, 52% used [0x00000000d6b00000,0x00000000d6b853c8,0x00000000d6c00000)
  to   space 2048K, 0% used [0x00000000d6d80000,0x00000000d6d80000,0x00000000d6f80000)
 ParOldGen       total 68608K, used 38335K [0x0000000080000000, 0x0000000084300000, 0x00000000d5580000)
  object space 68608K, 55% used [0x0000000080000000,0x000000008256fcf8,0x0000000084300000)
 Metaspace       used 34881K, committed 35840K, reserved 1114112K
  class space    used 3509K, committed 3904K, reserved 1048576K
}
Event: 31.282 GC heap after
{Heap after GC invocations=21 (full 2):
 PSYoungGen      total 23040K, used 0K [0x00000000d5580000, 0x00000000d6f80000, 0x0000000100000000)
  eden space 22016K, 0% used [0x00000000d5580000,0x00000000d5580000,0x00000000d6b00000)
  from space 1024K, 0% used [0x00000000d6b00000,0x00000000d6b00000,0x00000000d6c00000)
  to   space 2048K, 0% used [0x00000000d6d80000,0x00000000d6d80000,0x00000000d6f80000)
 ParOldGen       total 68608K, used 37342K [0x0000000080000000, 0x0000000084300000, 0x00000000d5580000)
  object space 68608K, 54% used [0x0000000080000000,0x0000000082477988,0x0000000084300000)
 Metaspace       used 34843K, committed 35840K, reserved 1114112K
  class space    used 3498K, committed 3904K, reserved 1048576K
}
Event: 32.403 GC heap before
{Heap before GC invocations=22 (full 2):
 PSYoungGen      total 23040K, used 22016K [0x00000000d5580000, 0x00000000d6f80000, 0x0000000100000000)
  eden space 22016K, 100% used [0x00000000d5580000,0x00000000d6b00000,0x00000000d6b00000)
  from space 1024K, 0% used [0x00000000d6b00000,0x00000000d6b00000,0x00000000d6c00000)
  to   space 2048K, 0% used [0x00000000d6d80000,0x00000000d6d80000,0x00000000d6f80000)
 ParOldGen       total 68608K, used 37342K [0x0000000080000000, 0x0000000084300000, 0x00000000d5580000)
  object space 68608K, 54% used [0x0000000080000000,0x0000000082477988,0x0000000084300000)
 Metaspace       used 35798K, committed 36672K, reserved 1114112K
  class space    used 3625K, committed 3968K, reserved 1048576K
}
Event: 32.406 GC heap after
{Heap after GC invocations=22 (full 2):
 PSYoungGen      total 23552K, used 1325K [0x00000000d5580000, 0x00000000d6f00000, 0x0000000100000000)
  eden space 22016K, 0% used [0x00000000d5580000,0x00000000d5580000,0x00000000d6b00000)
  from space 1536K, 86% used [0x00000000d6d80000,0x00000000d6ecb6f0,0x00000000d6f00000)
  to   space 1536K, 0% used [0x00000000d6c00000,0x00000000d6c00000,0x00000000d6d80000)
 ParOldGen       total 68608K, used 37350K [0x0000000080000000, 0x0000000084300000, 0x00000000d5580000)
  object space 68608K, 54% used [0x0000000080000000,0x0000000082479988,0x0000000084300000)
 Metaspace       used 35798K, committed 36672K, reserved 1114112K
  class space    used 3625K, committed 3968K, reserved 1048576K
}
Event: 33.380 GC heap before
{Heap before GC invocations=23 (full 2):
 PSYoungGen      total 23552K, used 23341K [0x00000000d5580000, 0x00000000d6f00000, 0x0000000100000000)
  eden space 22016K, 100% used [0x00000000d5580000,0x00000000d6b00000,0x00000000d6b00000)
  from space 1536K, 86% used [0x00000000d6d80000,0x00000000d6ecb6f0,0x00000000d6f00000)
  to   space 1536K, 0% used [0x00000000d6c00000,0x00000000d6c00000,0x00000000d6d80000)
 ParOldGen       total 68608K, used 37350K [0x0000000080000000, 0x0000000084300000, 0x00000000d5580000)
  object space 68608K, 54% used [0x0000000080000000,0x0000000082479988,0x0000000084300000)
 Metaspace       used 37276K, committed 38208K, reserved 1114112K
  class space    used 3767K, committed 4160K, reserved 1048576K
}
Event: 33.383 GC heap after
{Heap after GC invocations=23 (full 2):
 PSYoungGen      total 23552K, used 1350K [0x00000000d5580000, 0x00000000d6e00000, 0x0000000100000000)
  eden space 22016K, 0% used [0x00000000d5580000,0x00000000d5580000,0x00000000d6b00000)
  from space 1536K, 87% used [0x00000000d6c00000,0x00000000d6d51b20,0x00000000d6d80000)
  to   space 512K, 0% used [0x00000000d6d80000,0x00000000d6d80000,0x00000000d6e00000)
 ParOldGen       total 68608K, used 38786K [0x0000000080000000, 0x0000000084300000, 0x00000000d5580000)
  object space 68608K, 56% used [0x0000000080000000,0x00000000825e08e0,0x0000000084300000)
 Metaspace       used 37276K, committed 38208K, reserved 1114112K
  class space    used 3767K, committed 4160K, reserved 1048576K
}
Event: 33.687 GC heap before
{Heap before GC invocations=24 (full 2):
 PSYoungGen      total 23552K, used 23366K [0x00000000d5580000, 0x00000000d6e00000, 0x0000000100000000)
  eden space 22016K, 100% used [0x00000000d5580000,0x00000000d6b00000,0x00000000d6b00000)
  from space 1536K, 87% used [0x00000000d6c00000,0x00000000d6d51b20,0x00000000d6d80000)
  to   space 512K, 0% used [0x00000000d6d80000,0x00000000d6d80000,0x00000000d6e00000)
 ParOldGen       total 68608K, used 38786K [0x0000000080000000, 0x0000000084300000, 0x00000000d5580000)
  object space 68608K, 56% used [0x0000000080000000,0x00000000825e08e0,0x0000000084300000)
 Metaspace       used 37297K, committed 38208K, reserved 1114112K
  class space    used 3767K, committed 4160K, reserved 1048576K
}
Event: 33.694 GC heap after
{Heap after GC invocations=24 (full 2):
 PSYoungGen      total 22528K, used 500K [0x00000000d5580000, 0x00000000d6f00000, 0x0000000100000000)
  eden space 22016K, 0% used [0x00000000d5580000,0x00000000d5580000,0x00000000d6b00000)
  from space 512K, 97% used [0x00000000d6d80000,0x00000000d6dfd138,0x00000000d6e00000)
  to   space 2048K, 0% used [0x00000000d6b00000,0x00000000d6b00000,0x00000000d6d00000)
 ParOldGen       total 68608K, used 40176K [0x0000000080000000, 0x0000000084300000, 0x00000000d5580000)
  object space 68608K, 58% used [0x0000000080000000,0x000000008273c250,0x0000000084300000)
 Metaspace       used 37297K, committed 38208K, reserved 1114112K
  class space    used 3767K, committed 4160K, reserved 1048576K
}

Dll operation events (10 events):
Event: 0.019 Loaded shared library c:\Users\SSI\.vscode\extensions\redhat.java-1.46.0-win32-x64\jre\21.0.8-win32-x86_64\bin\java.dll
Event: 0.234 Loaded shared library c:\Users\SSI\.vscode\extensions\redhat.java-1.46.0-win32-x64\jre\21.0.8-win32-x86_64\bin\zip.dll
Event: 0.324 Loaded shared library C:\Users\SSI\.vscode\extensions\redhat.java-1.46.0-win32-x64\jre\21.0.8-win32-x86_64\bin\instrument.dll
Event: 0.364 Loaded shared library C:\Users\SSI\.vscode\extensions\redhat.java-1.46.0-win32-x64\jre\21.0.8-win32-x86_64\bin\net.dll
Event: 0.367 Loaded shared library C:\Users\SSI\.vscode\extensions\redhat.java-1.46.0-win32-x64\jre\21.0.8-win32-x86_64\bin\nio.dll
Event: 0.373 Loaded shared library C:\Users\SSI\.vscode\extensions\redhat.java-1.46.0-win32-x64\jre\21.0.8-win32-x86_64\bin\zip.dll
Event: 0.433 Loaded shared library C:\Users\SSI\.vscode\extensions\redhat.java-1.46.0-win32-x64\jre\21.0.8-win32-x86_64\bin\jimage.dll
Event: 0.591 Loaded shared library c:\Users\SSI\.vscode\extensions\redhat.java-1.46.0-win32-x64\jre\21.0.8-win32-x86_64\bin\verify.dll
Event: 5.123 Loaded shared library C:\Users\SSI\AppData\Roaming\Code\User\globalStorage\redhat.java\1.46.0\config_ss_win\org.eclipse.equinox.launcher\org.eclipse.equinox.launcher.win32.win32.x86_64_1.2.1400.v20250801-0854\eclipse_11916.dll
Event: 9.445 Loaded shared library C:\Users\SSI\AppData\Local\Temp\jna-82409\jna10141980890396374438.dll

Deoptimization events (20 events):
Event: 33.401 Thread 0x0000012e7d3c5d00 Uncommon trap: trap_request=0xffffffde fr.pc=0x0000012e6fa1e178 relative=0x00000000000073d8
Event: 33.401 Thread 0x0000012e7d3c5d00 Uncommon trap: reason=class_check action=maybe_recompile pc=0x0000012e6fa1e178 method=lombok.patcher.PatchScript$MethodPatcher.visitMethod(ILjava/lang/String;Ljava/lang/String;Ljava/lang/String;[Ljava/lang/String;)Lorg/lombokweb/asm/MethodVisitor; @ 101 c
Event: 33.401 Thread 0x0000012e7d3c5d00 DEOPT PACKING pc=0x0000012e6fa1e178 sp=0x000000117baf9e10
Event: 33.401 Thread 0x0000012e7d3c5d00 DEOPT UNPACKING pc=0x0000012e6f373aa2 sp=0x000000117baf9d78 mode 2
Event: 33.588 Thread 0x0000012e7d3c5d00 DEOPT PACKING pc=0x0000012e6833b0f9 sp=0x000000117baf9ea0
Event: 33.588 Thread 0x0000012e7d3c5d00 DEOPT UNPACKING pc=0x0000012e6f374242 sp=0x000000117baf9448 mode 0
Event: 33.597 Thread 0x0000012e7d3c5d00 DEOPT PACKING pc=0x0000012e6833b0f9 sp=0x000000117baf9ea0
Event: 33.597 Thread 0x0000012e7d3c5d00 DEOPT UNPACKING pc=0x0000012e6f374242 sp=0x000000117baf9448 mode 0
Event: 33.608 Thread 0x0000012e7d3c5d00 DEOPT PACKING pc=0x0000012e6833b0f9 sp=0x000000117baf9ea0
Event: 33.608 Thread 0x0000012e7d3c5d00 DEOPT UNPACKING pc=0x0000012e6f374242 sp=0x000000117baf9448 mode 0
Event: 33.676 Thread 0x0000012e7d3c5d00 DEOPT PACKING pc=0x0000012e6833b0f9 sp=0x000000117baf9ea0
Event: 33.676 Thread 0x0000012e7d3c5d00 DEOPT UNPACKING pc=0x0000012e6f374242 sp=0x000000117baf9448 mode 0
Event: 33.685 Thread 0x0000012e7d3c5d00 DEOPT PACKING pc=0x0000012e6833b0f9 sp=0x000000117baf9ea0
Event: 33.685 Thread 0x0000012e7d3c5d00 DEOPT UNPACKING pc=0x0000012e6f374242 sp=0x000000117baf9448 mode 0
Event: 33.697 Thread 0x0000012e7d3c5d00 DEOPT PACKING pc=0x0000012e6833b0f9 sp=0x000000117baf9ea0
Event: 33.697 Thread 0x0000012e7d3c5d00 DEOPT UNPACKING pc=0x0000012e6f374242 sp=0x000000117baf9448 mode 0
Event: 33.702 Thread 0x0000012e7d3c5d00 DEOPT PACKING pc=0x0000012e6833b0f9 sp=0x000000117baf9ea0
Event: 33.702 Thread 0x0000012e7d3c5d00 DEOPT UNPACKING pc=0x0000012e6f374242 sp=0x000000117baf9448 mode 0
Event: 33.715 Thread 0x0000012e7d3c5d00 DEOPT PACKING pc=0x0000012e6833b0f9 sp=0x000000117baf9ea0
Event: 33.715 Thread 0x0000012e7d3c5d00 DEOPT UNPACKING pc=0x0000012e6f374242 sp=0x000000117baf9448 mode 0

Classes loaded (20 events):
Event: 30.514 Loading class java/lang/ExceptionInInitializerError
Event: 30.515 Loading class java/lang/ExceptionInInitializerError done
Event: 30.858 Loading class sun/misc/Unsafe
Event: 30.858 Loading class sun/misc/Unsafe done
Event: 32.001 Loading class java/util/Vector$1
Event: 32.002 Loading class java/util/Vector$1 done
Event: 32.667 Loading class java/util/regex/Pattern$Caret
Event: 32.667 Loading class java/util/regex/Pattern$Caret done
Event: 33.138 Loading class java/util/regex/Pattern$Pos
Event: 33.138 Loading class java/util/regex/Pattern$Pos done
Event: 33.198 Loading class java/util/stream/ReferencePipeline$4
Event: 33.198 Loading class java/util/stream/ReferencePipeline$4 done
Event: 33.199 Loading class java/util/stream/Nodes$IntFixedNodeBuilder
Event: 33.199 Loading class java/util/stream/Node$Builder$OfInt
Event: 33.199 Loading class java/util/stream/Node$Builder$OfInt done
Event: 33.199 Loading class java/util/stream/Nodes$IntArrayNode
Event: 33.199 Loading class java/util/stream/Nodes$IntArrayNode done
Event: 33.199 Loading class java/util/stream/Nodes$IntFixedNodeBuilder done
Event: 33.200 Loading class java/util/stream/ReferencePipeline$4$1
Event: 33.200 Loading class java/util/stream/ReferencePipeline$4$1 done

Classes unloaded (20 events):
Event: 31.181 Thread 0x0000012e64c9e230 Unloading class 0x0000012e0138e000 'java/lang/invoke/LambdaForm$MH+0x0000012e0138e000'
Event: 31.181 Thread 0x0000012e64c9e230 Unloading class 0x0000012e0138d400 'java/lang/invoke/LambdaForm$MH+0x0000012e0138d400'
Event: 31.181 Thread 0x0000012e64c9e230 Unloading class 0x0000012e0138cc00 'java/lang/invoke/LambdaForm$MH+0x0000012e0138cc00'
Event: 31.181 Thread 0x0000012e64c9e230 Unloading class 0x0000012e0138c800 'java/lang/invoke/LambdaForm$DMH+0x0000012e0138c800'
Event: 31.181 Thread 0x0000012e64c9e230 Unloading class 0x0000012e0138b400 'java/lang/invoke/LambdaForm$MH+0x0000012e0138b400'
Event: 31.181 Thread 0x0000012e64c9e230 Unloading class 0x0000012e0138b000 'java/lang/invoke/LambdaForm$DMH+0x0000012e0138b000'
Event: 31.181 Thread 0x0000012e64c9e230 Unloading class 0x0000012e01385400 'java/lang/invoke/LambdaForm$MH+0x0000012e01385400'
Event: 31.181 Thread 0x0000012e64c9e230 Unloading class 0x0000012e01384c00 'java/lang/invoke/LambdaForm$MH+0x0000012e01384c00'
Event: 31.181 Thread 0x0000012e64c9e230 Unloading class 0x0000012e01384400 'java/lang/invoke/LambdaForm$MH+0x0000012e01384400'
Event: 31.181 Thread 0x0000012e64c9e230 Unloading class 0x0000012e01383c00 'java/lang/invoke/LambdaForm$MH+0x0000012e01383c00'
Event: 31.181 Thread 0x0000012e64c9e230 Unloading class 0x0000012e01383800 'java/lang/invoke/LambdaForm$MH+0x0000012e01383800'
Event: 31.181 Thread 0x0000012e64c9e230 Unloading class 0x0000012e01383000 'java/lang/invoke/LambdaForm$MH+0x0000012e01383000'
Event: 31.181 Thread 0x0000012e64c9e230 Unloading class 0x0000012e01382800 'java/lang/invoke/LambdaForm$MH+0x0000012e01382800'
Event: 31.181 Thread 0x0000012e64c9e230 Unloading class 0x0000012e01382400 'java/lang/invoke/LambdaForm$MH+0x0000012e01382400'
Event: 31.181 Thread 0x0000012e64c9e230 Unloading class 0x0000012e01381c00 'java/lang/invoke/LambdaForm$MH+0x0000012e01381c00'
Event: 31.181 Thread 0x0000012e64c9e230 Unloading class 0x0000012e01381800 'java/lang/invoke/LambdaForm$MH+0x0000012e01381800'
Event: 31.181 Thread 0x0000012e64c9e230 Unloading class 0x0000012e01380c00 'java/lang/invoke/LambdaForm$MH+0x0000012e01380c00'
Event: 31.181 Thread 0x0000012e64c9e230 Unloading class 0x0000012e01381000 'java/lang/invoke/LambdaForm$MH+0x0000012e01381000'
Event: 31.181 Thread 0x0000012e64c9e230 Unloading class 0x0000012e01380800 'java/lang/invoke/LambdaForm$DMH+0x0000012e01380800'
Event: 31.181 Thread 0x0000012e64c9e230 Unloading class 0x0000012e01380000 'java/lang/invoke/LambdaForm$DMH+0x0000012e01380000'

Classes redefined (0 events):
No events

Internal exceptions (20 events):
Event: 27.533 Thread 0x0000012e7d3c5d00 Exception <a 'java/lang/NoSuchMethodError'{0x00000000d58389d8}: 'java.lang.Object java.lang.invoke.Invokers$Holder.invoke_MT(java.lang.Object, java.lang.Object, java.lang.Object, java.lang.Object, java.lang.Object, java.lang.Object, java.lang.Object, java.lang.Object, java.lang.Object, java.lang.Object)'> (0x00000000d58389d8) 
thrown [s\src\hotspot\share\interpreter\linkResolver.cpp, line 773]
Event: 27.533 Thread 0x0000012e7d3c3c30 Exception <a 'java/lang/NoSuchMethodError'{0x00000000d580f2c0}: 'java.lang.Object java.lang.invoke.Invokers$Holder.invoke_MT(java.lang.Object, java.lang.Object, java.lang.Object, java.lang.Object, java.lang.Object, java.lang.Object, java.lang.Object, java.lang.Object, java.lang.Object, java.lang.Object)'> (0x00000000d580f2c0) 
thrown [s\src\hotspot\share\interpreter\linkResolver.cpp, line 773]
Event: 27.544 Thread 0x0000012e7d3c5d00 Exception <a 'java/lang/NoSuchMethodError'{0x00000000d5896398}: 'int java.lang.invoke.DirectMethodHandle$Holder.invokeVirtual(java.lang.Object, java.lang.Object, java.lang.Object)'> (0x00000000d5896398) 
thrown [s\src\hotspot\share\interpreter\linkResolver.cpp, line 773]
Event: 27.545 Thread 0x0000012e7d3c5d00 Exception <a 'java/lang/NoSuchMethodError'{0x00000000d589a980}: 'int java.lang.invoke.DirectMethodHandle$Holder.invokeStaticInit(java.lang.Object, int, int)'> (0x00000000d589a980) 
thrown [s\src\hotspot\share\interpreter\linkResolver.cpp, line 773]
Event: 27.546 Thread 0x0000012e7d3c5d00 Exception <a 'java/lang/NoSuchMethodError'{0x00000000d58a2418}: 'int java.lang.invoke.DirectMethodHandle$Holder.invokeStaticInit(java.lang.Object, long, long)'> (0x00000000d58a2418) 
thrown [s\src\hotspot\share\interpreter\linkResolver.cpp, line 773]
Event: 27.547 Thread 0x0000012e7d3c5d00 Exception <a 'java/lang/NoSuchMethodError'{0x00000000d58a93a0}: 'int java.lang.invoke.DirectMethodHandle$Holder.invokeStaticInit(java.lang.Object, float, float)'> (0x00000000d58a93a0) 
thrown [s\src\hotspot\share\interpreter\linkResolver.cpp, line 773]
Event: 27.548 Thread 0x0000012e7d3c5d00 Exception <a 'java/lang/NoSuchMethodError'{0x00000000d58b0340}: 'int java.lang.invoke.DirectMethodHandle$Holder.invokeStaticInit(java.lang.Object, double, double)'> (0x00000000d58b0340) 
thrown [s\src\hotspot\share\interpreter\linkResolver.cpp, line 773]
Event: 27.548 Thread 0x0000012e7d3c5d00 Exception <a 'java/lang/NoSuchMethodError'{0x00000000d58b4e08}: 'int java.lang.invoke.DirectMethodHandle$Holder.invokeStatic(java.lang.Object, long)'> (0x00000000d58b4e08) 
thrown [s\src\hotspot\share\interpreter\linkResolver.cpp, line 773]
Event: 27.577 Thread 0x0000012e7d3c5d00 Exception <a 'java/lang/NoSuchMethodError'{0x00000000d58d4438}: 'int java.lang.invoke.Invokers$Holder.linkToTargetMethod(java.lang.Object, java.lang.Object)'> (0x00000000d58d4438) 
thrown [s\src\hotspot\share\interpreter\linkResolver.cpp, line 773]
Event: 28.632 Thread 0x0000012e7d3c2880 Exception <a 'java/lang/NoSuchMethodError'{0x00000000d63b1c68}: 'int java.lang.invoke.DirectMethodHandle$Holder.invokeSpecial(java.lang.Object, java.lang.Object, java.lang.Object, java.lang.Object)'> (0x00000000d63b1c68) 
thrown [s\src\hotspot\share\interpreter\linkResolver.cpp, line 773]
Event: 28.632 Thread 0x0000012e7d3c3c30 Exception <a 'java/lang/NoSuchMethodError'{0x00000000d63b3408}: 'int java.lang.invoke.DirectMethodHandle$Holder.invokeSpecial(java.lang.Object, java.lang.Object, java.lang.Object, java.lang.Object)'> (0x00000000d63b3408) 
thrown [s\src\hotspot\share\interpreter\linkResolver.cpp, line 773]
Event: 28.634 Thread 0x0000012e7d3c2880 Exception <a 'java/lang/NoSuchMethodError'{0x00000000d63d07c8}: 'java.lang.Object java.lang.invoke.DirectMethodHandle$Holder.invokeStatic(java.lang.Object, int, java.lang.Object, java.lang.Object)'> (0x00000000d63d07c8) 
thrown [s\src\hotspot\share\interpreter\linkResolver.cpp, line 773]
Event: 28.634 Thread 0x0000012e7d3c3c30 Exception <a 'java/lang/NoSuchMethodError'{0x00000000d63ba3e0}: 'java.lang.Object java.lang.invoke.DirectMethodHandle$Holder.invokeStatic(java.lang.Object, int, java.lang.Object, java.lang.Object)'> (0x00000000d63ba3e0) 
thrown [s\src\hotspot\share\interpreter\linkResolver.cpp, line 773]
Event: 28.634 Thread 0x0000012e7d3c2880 Exception <a 'java/lang/NoSuchMethodError'{0x00000000d63d44f8}: 'java.lang.Object java.lang.invoke.DelegatingMethodHandle$Holder.delegate(java.lang.Object, int, java.lang.Object, java.lang.Object)'> (0x00000000d63d44f8) 
thrown [s\src\hotspot\share\interpreter\linkResolver.cpp, line 773]
Event: 28.634 Thread 0x0000012e7d3c3c30 Exception <a 'java/lang/NoSuchMethodError'{0x00000000d63bd9d8}: 'java.lang.Object java.lang.invoke.DelegatingMethodHandle$Holder.delegate(java.lang.Object, int, java.lang.Object, java.lang.Object)'> (0x00000000d63bd9d8) 
thrown [s\src\hotspot\share\interpreter\linkResolver.cpp, line 773]
Event: 28.637 Thread 0x0000012e7d3c2880 Exception <a 'java/lang/NoSuchMethodError'{0x00000000d63f9348}: 'int java.lang.invoke.Invokers$Holder.linkToTargetMethod(java.lang.Object, java.lang.Object, java.lang.Object)'> (0x00000000d63f9348) 
thrown [s\src\hotspot\share\interpreter\linkResolver.cpp, line 773]
Event: 28.642 Thread 0x0000012e7d3c3c30 Exception <a 'java/lang/NoSuchMethodError'{0x00000000d63ebcd8}: 'int java.lang.invoke.Invokers$Holder.linkToTargetMethod(java.lang.Object, java.lang.Object, java.lang.Object)'> (0x00000000d63ebcd8) 
thrown [s\src\hotspot\share\interpreter\linkResolver.cpp, line 773]
Event: 31.559 Thread 0x0000012e7d3c3c30 Exception <a 'java/lang/LinkageError'{0x00000000d58039a0}: loader lombok.launch.ShadowClassLoader @57c1c04 attempted duplicate class definition for lombok.launch.PatchFixesHider$Transform. (lombok.launch.PatchFixesHider$Transform is in unnamed module of loader lombok.launch.ShadowClassLoader @57c1c04, parent loader org.eclipse.osgi.internal.loader.EquinoxClassLoader @75871572)> (0x00000000d58039a0) 
thrown [s\src\hotspot\share\classfile\systemDictionary.cpp, line 1682]
Event: 33.209 Thread 0x0000012e7d3c2880 Exception <a 'java/lang/LinkageError'{0x00000000d6324cc8}: loader lombok.launch.ShadowClassLoader @57c1c04 attempted duplicate class definition for lombok.launch.PatchFixesHider$ValPortal. (lombok.launch.PatchFixesHider$ValPortal is in unnamed module of loader lombok.launch.ShadowClassLoader @57c1c04, parent loader org.eclipse.osgi.internal.loader.EquinoxClassLoader @75871572)> (0x00000000d6324cc8) 
thrown [s\src\hotspot\share\classfile\systemDictionary.cpp, line 1682]
Event: 33.211 Thread 0x0000012e7d3c5d00 Exception <a 'java/lang/LinkageError'{0x00000000d637b788}: loader lombok.launch.ShadowClassLoader @57c1c04 attempted duplicate class definition for lombok.launch.PatchFixesHider$ValPortal. (lombok.launch.PatchFixesHider$ValPortal is in unnamed module of loader lombok.launch.ShadowClassLoader @57c1c04, parent loader org.eclipse.osgi.internal.loader.EquinoxClassLoader @75871572)> (0x00000000d637b788) 
thrown [s\src\hotspot\share\classfile\systemDictionary.cpp, line 1682]

ZGC Phase Switch (0 events):
No events

VM Operations (20 events):
Event: 30.205 Executing VM operation: ParallelGCFailedAllocation (Allocation Failure)
Event: 30.215 Executing VM operation: ParallelGCFailedAllocation (Allocation Failure) done
Event: 30.469 Executing VM operation: HandshakeAllThreads (Deoptimize)
Event: 30.469 Executing VM operation: HandshakeAllThreads (Deoptimize) done
Event: 30.580 Executing VM operation: ParallelGCFailedAllocation (Allocation Failure)
Event: 30.585 Executing VM operation: ParallelGCFailedAllocation (Allocation Failure) done
Event: 30.916 Executing VM operation: HandshakeAllThreads (Deoptimize)
Event: 30.916 Executing VM operation: HandshakeAllThreads (Deoptimize) done
Event: 31.150 Executing VM operation: CollectForMetadataAllocation (Metadata GC Threshold)
Event: 31.282 Executing VM operation: CollectForMetadataAllocation (Metadata GC Threshold) done
Event: 32.403 Executing VM operation: ParallelGCFailedAllocation (Allocation Failure)
Event: 32.406 Executing VM operation: ParallelGCFailedAllocation (Allocation Failure) done
Event: 32.896 Executing VM operation: HandshakeAllThreads (Deoptimize)
Event: 32.896 Executing VM operation: HandshakeAllThreads (Deoptimize) done
Event: 33.131 Executing VM operation: HandshakeAllThreads (Deoptimize)
Event: 33.132 Executing VM operation: HandshakeAllThreads (Deoptimize) done
Event: 33.380 Executing VM operation: ParallelGCFailedAllocation (Allocation Failure)
Event: 33.383 Executing VM operation: ParallelGCFailedAllocation (Allocation Failure) done
Event: 33.687 Executing VM operation: ParallelGCFailedAllocation (Allocation Failure)
Event: 33.694 Executing VM operation: ParallelGCFailedAllocation (Allocation Failure) done

Memory protections (0 events):
No events

Nmethod flushes (20 events):
Event: 31.196 Thread 0x0000012e64c9e230 flushing  nmethod 0x0000012e6825df10
Event: 31.196 Thread 0x0000012e64c9e230 flushing  nmethod 0x0000012e6825ff90
Event: 31.196 Thread 0x0000012e64c9e230 flushing  nmethod 0x0000012e68264110
Event: 31.196 Thread 0x0000012e64c9e230 flushing  nmethod 0x0000012e68267f10
Event: 31.196 Thread 0x0000012e64c9e230 flushing  nmethod 0x0000012e68268710
Event: 31.196 Thread 0x0000012e64c9e230 flushing  nmethod 0x0000012e6826af10
Event: 31.196 Thread 0x0000012e64c9e230 flushing  nmethod 0x0000012e6826d810
Event: 31.196 Thread 0x0000012e64c9e230 flushing  nmethod 0x0000012e6826f390
Event: 31.196 Thread 0x0000012e64c9e230 flushing  nmethod 0x0000012e68271b90
Event: 31.196 Thread 0x0000012e64c9e230 flushing  nmethod 0x0000012e68272b90
Event: 31.196 Thread 0x0000012e64c9e230 flushing  nmethod 0x0000012e68273010
Event: 31.196 Thread 0x0000012e64c9e230 flushing  nmethod 0x0000012e68273490
Event: 31.196 Thread 0x0000012e64c9e230 flushing  nmethod 0x0000012e68273f90
Event: 31.196 Thread 0x0000012e64c9e230 flushing  nmethod 0x0000012e68276c90
Event: 31.196 Thread 0x0000012e64c9e230 flushing  nmethod 0x0000012e68277310
Event: 31.196 Thread 0x0000012e64c9e230 flushing  nmethod 0x0000012e682b1e90
Event: 31.196 Thread 0x0000012e64c9e230 flushing  nmethod 0x0000012e682e2190
Event: 31.196 Thread 0x0000012e64c9e230 flushing  nmethod 0x0000012e682e2590
Event: 31.196 Thread 0x0000012e64c9e230 flushing  nmethod 0x0000012e682e2f10
Event: 31.196 Thread 0x0000012e64c9e230 flushing  nmethod 0x0000012e68300010

Events (20 events):
Event: 18.894 Thread 0x0000012e62960bd0 Thread added: 0x0000012e7dac2a40
Event: 18.894 Thread 0x0000012e62960bd0 Thread added: 0x0000012e7dac3df0
Event: 18.894 Thread 0x0000012e62960bd0 Thread added: 0x0000012e7dac1690
Event: 19.029 Thread 0x0000012e62960bd0 Thread added: 0x0000012e7dac3760
Event: 19.246 Thread 0x0000012e7d09c8e0 Thread added: 0x0000012e7dac0970
Event: 19.510 Thread 0x0000012e62960bd0 Thread added: 0x0000012e7dac1000
Event: 19.510 Thread 0x0000012e62960bd0 Thread added: 0x0000012e7dac1d20
Event: 19.593 Thread 0x0000012e7d426390 Thread exited: 0x0000012e7d426390
Event: 19.749 Thread 0x0000012e7b658490 Thread added: 0x0000012e7ecc6560
Event: 22.018 Thread 0x0000012e7ecc6560 Thread exited: 0x0000012e7ecc6560
Event: 24.466 Thread 0x0000012e7b5e74d0 Thread added: 0x0000012e7dbf4c50
Event: 24.834 Thread 0x0000012e7dbf4c50 Thread exited: 0x0000012e7dbf4c50
Event: 26.177 Thread 0x0000012e7dac1d20 Thread added: 0x0000012e7d3c2880
Event: 26.292 Thread 0x0000012e7d3c2880 Thread added: 0x0000012e7d3c3c30
Event: 26.504 Thread 0x0000012e7d3c3c30 Thread added: 0x0000012e7d3c5d00
Event: 27.271 Thread 0x0000012e7b658490 Thread added: 0x0000012e7dbf4c50
Event: 31.283 Thread 0x0000012e7dbf4c50 Thread exited: 0x0000012e7dbf4c50
Event: 31.309 Thread 0x0000012e7b658490 Thread added: 0x0000012e7cd0e9d0
Event: 31.819 Thread 0x0000012e7cd0e9d0 Thread exited: 0x0000012e7cd0e9d0
Event: 33.479 Thread 0x0000012e7b658490 Thread added: 0x0000012e7c2b30d0


Dynamic libraries:
0x00007ff760ee0000 - 0x00007ff760eee000 	c:\Users\SSI\.vscode\extensions\redhat.java-1.46.0-win32-x64\jre\21.0.8-win32-x86_64\bin\java.exe
0x00007ffa3f070000 - 0x00007ffa3f268000 	C:\Windows\SYSTEM32\ntdll.dll
0x00007ffa3d8f0000 - 0x00007ffa3d9b2000 	C:\Windows\System32\KERNEL32.DLL
0x00007ffa3cad0000 - 0x00007ffa3cdc6000 	C:\Windows\System32\KERNELBASE.dll
0x00007ffa367b0000 - 0x00007ffa36844000 	C:\Windows\SYSTEM32\apphelp.dll
0x00007ffa3cfa0000 - 0x00007ffa3d0a0000 	C:\Windows\System32\ucrtbase.dll
0x00007ffa33030000 - 0x00007ffa33048000 	c:\Users\SSI\.vscode\extensions\redhat.java-1.46.0-win32-x64\jre\21.0.8-win32-x86_64\bin\jli.dll
0x00007ffa3d2b0000 - 0x00007ffa3d44d000 	C:\Windows\System32\USER32.dll
0x00007ffa3c940000 - 0x00007ffa3c962000 	C:\Windows\System32\win32u.dll
0x00007ffa3d9c0000 - 0x00007ffa3d9eb000 	C:\Windows\System32\GDI32.dll
0x00007ffa3ce80000 - 0x00007ffa3cf99000 	C:\Windows\System32\gdi32full.dll
0x00007ffa3c820000 - 0x00007ffa3c8bd000 	C:\Windows\System32\msvcp_win.dll
0x00007ffa23ed0000 - 0x00007ffa23eee000 	c:\Users\SSI\.vscode\extensions\redhat.java-1.46.0-win32-x64\jre\21.0.8-win32-x86_64\bin\VCRUNTIME140.dll
0x00007ffa23f30000 - 0x00007ffa241cb000 	C:\Windows\WinSxS\amd64_microsoft.windows.common-controls_6595b64144ccf1df_6.0.19041.6280_none_60bc30a171f2f3f3\COMCTL32.dll
0x00007ffa3d4e0000 - 0x00007ffa3d57e000 	C:\Windows\System32\msvcrt.dll
0x00007ffa3e970000 - 0x00007ffa3e99f000 	C:\Windows\System32\IMM32.DLL
0x00007ffa33eb0000 - 0x00007ffa33ebc000 	c:\Users\SSI\.vscode\extensions\redhat.java-1.46.0-win32-x64\jre\21.0.8-win32-x86_64\bin\vcruntime140_1.dll
0x00007ff9fdc10000 - 0x00007ff9fdc9d000 	c:\Users\SSI\.vscode\extensions\redhat.java-1.46.0-win32-x64\jre\21.0.8-win32-x86_64\bin\msvcp140.dll
0x00007ff9bf8e0000 - 0x00007ff9c0677000 	c:\Users\SSI\.vscode\extensions\redhat.java-1.46.0-win32-x64\jre\21.0.8-win32-x86_64\bin\server\jvm.dll
0x00007ffa3e6c0000 - 0x00007ffa3e771000 	C:\Windows\System32\ADVAPI32.dll
0x00007ffa3eac0000 - 0x00007ffa3eb5f000 	C:\Windows\System32\sechost.dll
0x00007ffa3e9a0000 - 0x00007ffa3eac0000 	C:\Windows\System32\RPCRT4.dll
0x00007ffa3c710000 - 0x00007ffa3c737000 	C:\Windows\System32\bcrypt.dll
0x00007ffa3e240000 - 0x00007ffa3e2ab000 	C:\Windows\System32\WS2_32.dll
0x00007ffa3c570000 - 0x00007ffa3c5bb000 	C:\Windows\SYSTEM32\POWRPROF.dll
0x00007ffa241d0000 - 0x00007ffa241f7000 	C:\Windows\SYSTEM32\WINMM.dll
0x00007ffa30e50000 - 0x00007ffa30e5a000 	C:\Windows\SYSTEM32\VERSION.dll
0x00007ffa3c550000 - 0x00007ffa3c562000 	C:\Windows\SYSTEM32\UMPDC.dll
0x00007ffa3aef0000 - 0x00007ffa3af02000 	C:\Windows\SYSTEM32\kernel.appcore.dll
0x00007ffa335f0000 - 0x00007ffa335fa000 	c:\Users\SSI\.vscode\extensions\redhat.java-1.46.0-win32-x64\jre\21.0.8-win32-x86_64\bin\jimage.dll
0x00007ffa37290000 - 0x00007ffa37491000 	C:\Windows\SYSTEM32\DBGHELP.DLL
0x00007ffa32560000 - 0x00007ffa32594000 	C:\Windows\SYSTEM32\dbgcore.DLL
0x00007ffa3c790000 - 0x00007ffa3c812000 	C:\Windows\System32\bcryptPrimitives.dll
0x00007ffa335b0000 - 0x00007ffa335bf000 	c:\Users\SSI\.vscode\extensions\redhat.java-1.46.0-win32-x64\jre\21.0.8-win32-x86_64\bin\instrument.dll
0x00007ffa15500000 - 0x00007ffa1551f000 	c:\Users\SSI\.vscode\extensions\redhat.java-1.46.0-win32-x64\jre\21.0.8-win32-x86_64\bin\java.dll
0x00007ffa3dad0000 - 0x00007ffa3e240000 	C:\Windows\System32\SHELL32.dll
0x00007ffa3a700000 - 0x00007ffa3aea5000 	C:\Windows\SYSTEM32\windows.storage.dll
0x00007ffa3d590000 - 0x00007ffa3d8e3000 	C:\Windows\System32\combase.dll
0x00007ffa3c0d0000 - 0x00007ffa3c0fb000 	C:\Windows\SYSTEM32\Wldp.dll
0x00007ffa3e8a0000 - 0x00007ffa3e96d000 	C:\Windows\System32\OLEAUT32.dll
0x00007ffa3e600000 - 0x00007ffa3e6ad000 	C:\Windows\System32\SHCORE.dll
0x00007ffa3d0a0000 - 0x00007ffa3d0fb000 	C:\Windows\System32\shlwapi.dll
0x00007ffa3c640000 - 0x00007ffa3c664000 	C:\Windows\SYSTEM32\profapi.dll
0x00007ffa13a00000 - 0x00007ffa13a18000 	c:\Users\SSI\.vscode\extensions\redhat.java-1.46.0-win32-x64\jre\21.0.8-win32-x86_64\bin\zip.dll
0x00007ffa33070000 - 0x00007ffa33080000 	C:\Users\SSI\.vscode\extensions\redhat.java-1.46.0-win32-x64\jre\21.0.8-win32-x86_64\bin\net.dll
0x00007ffa2af40000 - 0x00007ffa2b04a000 	C:\Windows\SYSTEM32\WINHTTP.dll
0x00007ffa3bde0000 - 0x00007ffa3be4a000 	C:\Windows\system32\mswsock.dll
0x00007ffa139e0000 - 0x00007ffa139f6000 	C:\Users\SSI\.vscode\extensions\redhat.java-1.46.0-win32-x64\jre\21.0.8-win32-x86_64\bin\nio.dll
0x00007ffa32600000 - 0x00007ffa32610000 	c:\Users\SSI\.vscode\extensions\redhat.java-1.46.0-win32-x64\jre\21.0.8-win32-x86_64\bin\verify.dll
0x00007ffa00f50000 - 0x00007ffa00f94000 	C:\Users\SSI\AppData\Roaming\Code\User\globalStorage\redhat.java\1.46.0\config_ss_win\org.eclipse.equinox.launcher\org.eclipse.equinox.launcher.win32.win32.x86_64_1.2.1400.v20250801-0854\eclipse_11916.dll
0x00007ffa3e2b0000 - 0x00007ffa3e3db000 	C:\Windows\System32\ole32.dll
0x00007ffa3bfd0000 - 0x00007ffa3bfe8000 	C:\Windows\SYSTEM32\CRYPTSP.dll
0x00007ffa3b710000 - 0x00007ffa3b748000 	C:\Windows\system32\rsaenh.dll
0x00007ffa3c600000 - 0x00007ffa3c62e000 	C:\Windows\SYSTEM32\USERENV.dll
0x00007ffa3bfc0000 - 0x00007ffa3bfcc000 	C:\Windows\SYSTEM32\CRYPTBASE.dll
0x00007ffa3bae0000 - 0x00007ffa3bb1b000 	C:\Windows\SYSTEM32\IPHLPAPI.DLL
0x00007ffa3d580000 - 0x00007ffa3d588000 	C:\Windows\System32\NSI.dll
0x00007ff9fef30000 - 0x00007ff9fef79000 	C:\Users\SSI\AppData\Local\Temp\jna-82409\jna10141980890396374438.dll
0x00007ffa3e3e0000 - 0x00007ffa3e3e8000 	C:\Windows\System32\PSAPI.DLL
0x00007ffa30480000 - 0x00007ffa30497000 	C:\Windows\SYSTEM32\dhcpcsvc6.DLL
0x00007ffa32230000 - 0x00007ffa3224d000 	C:\Windows\SYSTEM32\dhcpcsvc.DLL

JVMTI agents:
c:\Users\SSI\.vscode\extensions\redhat.java-1.46.0-win32-x64\lombok\lombok-1.18.39-4050.jar path:c:\Users\SSI\.vscode\extensions\redhat.java-1.46.0-win32-x64\jre\21.0.8-win32-x86_64\bin\instrument.dll, loaded, initialized, instrumentlib options:none

dbghelp: loaded successfully - version: 4.0.5 - missing functions: none
symbol engine: initialized successfully - sym options: 0x614 - pdb path: .;c:\Users\SSI\.vscode\extensions\redhat.java-1.46.0-win32-x64\jre\21.0.8-win32-x86_64\bin;C:\Windows\SYSTEM32;C:\Windows\WinSxS\amd64_microsoft.windows.common-controls_6595b64144ccf1df_6.0.19041.6280_none_60bc30a171f2f3f3;c:\Users\SSI\.vscode\extensions\redhat.java-1.46.0-win32-x64\jre\21.0.8-win32-x86_64\bin\server;C:\Users\SSI\AppData\Roaming\Code\User\globalStorage\redhat.java\1.46.0\config_ss_win\org.eclipse.equinox.launcher\org.eclipse.equinox.launcher.win32.win32.x86_64_1.2.1400.v20250801-0854;C:\Users\SSI\AppData\Local\Temp\jna-82409

VM Arguments:
jvm_args: --add-modules=ALL-SYSTEM --add-opens=java.base/java.util=ALL-UNNAMED --add-opens=java.base/java.lang=ALL-UNNAMED --add-opens=java.base/sun.nio.fs=ALL-UNNAMED -Declipse.application=org.eclipse.jdt.ls.core.id1 -Dosgi.bundles.defaultStartLevel=4 -Declipse.product=org.eclipse.jdt.ls.core.product -Djava.import.generatesMetadataFilesAtProjectRoot=false -DDetectVMInstallationsJob.disabled=true -Dfile.encoding=utf8 -XX:+UseParallelGC -XX:GCTimeRatio=4 -XX:AdaptiveSizePolicyWeight=90 -Dsun.zip.disableMemoryMapping=true -Xmx2G -Xms100m -Xlog:disable -javaagent:c:\Users\SSI\.vscode\extensions\redhat.java-1.46.0-win32-x64\lombok\lombok-1.18.39-4050.jar 
java_command: c:\Users\SSI\.vscode\extensions\redhat.java-1.46.0-win32-x64\server\plugins\org.eclipse.equinox.launcher_1.7.0.v20250519-0528.jar -configuration c:\Users\SSI\AppData\Roaming\Code\User\globalStorage\redhat.java\1.46.0\config_ss_win -data c:\Users\SSI\AppData\Roaming\Code\User\workspaceStorage\db8d0291d32c9f2d655134ebf4b7feec\redhat.java\ss_ws --pipe=\\.\pipe\lsp-74c84c88af0090f9aebcdcc3636c2320-sock
java_class_path (initial): c:\Users\SSI\.vscode\extensions\redhat.java-1.46.0-win32-x64\server\plugins\org.eclipse.equinox.launcher_1.7.0.v20250519-0528.jar
Launcher Type: SUN_STANDARD

[Global flags]
    uintx AdaptiveSizePolicyWeight                 = 90                                        {product} {command line}
     intx CICompilerCount                          = 3                                         {product} {ergonomic}
    uintx GCTimeRatio                              = 4                                         {product} {command line}
   size_t InitialHeapSize                          = 104857600                                 {product} {command line}
   size_t MaxHeapSize                              = 2147483648                                {product} {command line}
   size_t MaxNewSize                               = 715653120                                 {product} {ergonomic}
   size_t MinHeapDeltaBytes                        = 524288                                    {product} {ergonomic}
   size_t MinHeapSize                              = 104857600                                 {product} {command line}
   size_t NewSize                                  = 34603008                                  {product} {ergonomic}
    uintx NonNMethodCodeHeapSize                   = 5832780                                {pd product} {ergonomic}
    uintx NonProfiledCodeHeapSize                  = 122912730                              {pd product} {ergonomic}
   size_t OldSize                                  = 70254592                                  {product} {ergonomic}
    uintx ProfiledCodeHeapSize                     = 122912730                              {pd product} {ergonomic}
    uintx ReservedCodeCacheSize                    = 251658240                              {pd product} {ergonomic}
     bool SegmentedCodeCache                       = true                                      {product} {ergonomic}
   size_t SoftMaxHeapSize                          = 2147483648                             {manageable} {ergonomic}
     bool UseCompressedOops                        = true                           {product lp64_product} {ergonomic}
     bool UseLargePagesIndividualAllocation        = false                                  {pd product} {ergonomic}
     bool UseParallelGC                            = true                                      {product} {command line}

Logging:
Log output configuration:
 #0: stdout all=off uptime,level,tags foldmultilines=false
 #1: stderr all=off uptime,level,tags foldmultilines=false

Environment Variables:
PATH=C:\Program Files\Python312\Scripts\;C:\Program Files\Python312\;C:\Program Files\Common Files\Oracle\Java\javapath;C:\Windows\system32;C:\Windows;C:\Windows\System32\Wbem;C:\Windows\System32\WindowsPowerShell\v1.0\;C:\Windows\System32\OpenSSH\;C:\Program Files\Git\cmd;C:\Program Files\Java\jdk-21\bin;C:\Program Files\nodejs\;C:\Users\SSI\mvn\apache-maven-3.9.6\bin;C:\Users\SSI\spring\spring-3.2.2\bin;;C:\Program Files\Docker\Docker\resources\bin;C:\xampp\php;C:\composer;C:\Program Files\PuTTY\;C:\Users\SSI\AppData\Local\Programs\Python\Launcher\;C:\Users\SSI\AppData\Local\Microsoft\WindowsApps;C:\Users\SSI\AppData\Local\Programs\Microsoft VS Code\bin;C:\Users\SSI\AppData\Roaming\npm;C:\Users\SSI\AppData\Roaming\Composer\vendor\bin;C:\Users\SSI\AppData\Local\gitkraken\bin
USERNAME=SSI
OS=Windows_NT
PROCESSOR_IDENTIFIER=Intel64 Family 6 Model 78 Stepping 3, GenuineIntel
TMP=C:\Users\SSI\AppData\Local\Temp
TEMP=C:\Users\SSI\AppData\Local\Temp




Periodic native trim disabled

---------------  S Y S T E M  ---------------

OS:
 Windows 10 , 64 bit Build 19041 (10.0.19041.5915)
OS uptime: 9 days 13:01 hours
Hyper-V role detected

CPU: total 4 (initial active 4) (2 cores per cpu, 2 threads per core) family 6 model 78 stepping 3 microcode 0xf0, cx8, cmov, fxsr, ht, mmx, 3dnowpref, sse, sse2, sse3, ssse3, sse4.1, sse4.2, popcnt, lzcnt, tsc, tscinvbit, avx, avx2, aes, erms, clmul, bmi1, bmi2, rtm, adx, fma, vzeroupper, clflush, clflushopt, hv, rdtscp, f16c
Processor Information for the first 4 processors :
  Max Mhz: 2496, Current Mhz: 2396, Mhz Limit: 2396

Memory: 4k page, system-wide physical 16263M (912M free)
TotalPageFile size 45271M (AvailPageFile size 1M)
current process WorkingSet (physical memory assigned to process): 217M, peak: 222M
current process commit charge ("private bytes"): 304M, peak: 310M

vm_info: OpenJDK 64-Bit Server VM (21.0.8+9-LTS) for windows-amd64 JRE (21.0.8+9-LTS), built on 2025-07-15T00:00:00Z by "admin" with MS VC++ 17.7 (VS2022)

END.
